MPASM  5.35beta                       PROGRAM.ASM   4-23-2017  1:15:21         PAGE  1


LOC  OBJECT CODE     LINE SOURCE TEXT
  VALUE

                      00001                         title   "Maze Solver"
                      00002                         list    p=16f84A
                      00003                         radix   hex
                      00004                         include "p16f84A.inc"
                      00001         LIST
                      00002 ; P16F84A.INC  Standard Header File, Version 2.00    Microchip Technology, Inc.
                      00134         LIST
                      00005 
  0000000C            00006 COUNTER         EQU             d'12'
  0000000D            00007 COUNTER2        EQU             d'13'
  0000000E            00008 TIMER3          EQU             d'14'
  0000000F            00009 SELECT          EQU             d'15'
  00000010            00010 DEBOUNCECOUNT   EQU             d'16'
  00000011            00011 ADDRESSING_COUNTER      EQU     d'17'
  00000012            00012 CURRENT_ADDRESS         EQU     d'18'
  00000013            00013 OBSTACLE_COUNTER        EQU     d'19'
  00000032            00014 REMAINING_NUMBER        EQU     d'50'
0000                  00015                         ORG             0x0
0000   2808           00016                         GOTO    START
                      00017 
0004                  00018                         ORG     0x04
0004   180B           00019                         BTFSC   INTCON, RBIF    ;interrupt for button presses
0005   28F0           00020                         GOTO    BUTTONPRESS
0006   190B           00021                         BTFSC   INTCON, T0IF    ;timer interrupt flag test
0007   2937           00022                         GOTO    timerInterrupt  
                      00023 
                      00024 
                      00025                         
0008   0185           00026 START           CLRF    PORTA
                      00027                         ;clearing flags for menu star
0009   018F           00028                         CLRF            SELECT
000A   3002           00029                         MOVLW   b'10'
000B   008F           00030                         MOVWF   SELECT  
                      00031 
                      00032                         
000C   1683           00033                         BSF             STATUS,RP0      ;jumping to bank 1
Message[302]: Register in operand not in bank 0.  Ensure that bank bits are correct.
000D   0185           00034                         CLRF    TRISA   ;all port A out
                      00035                         
                      00036                         ;CONFIGURING PORTB PINS:
                      00037                         ;RB0 -> OUTPUT TO BUZZER
                      00038                         ;RB4-7 -> INPUTS 
                      00039                         ;RB2 , RB3 -> OUTPUTS TO LEDS
                      00040                         ;RB1 -> OUTPUT TO LCD ENABLE
000E   30F0           00041                         MOVLW   0xF0    
Message[302]: Register in operand not in bank 0.  Ensure that bank bits are correct.
000F   0086           00042                         MOVWF   TRISB
                      00043 
0010   3087           00044                         MOVLW   b'10000111'     ;SETTING OPTION REG to support interrupts
Message[302]: Register in operand not in bank 0.  Ensure that bank bits are correct.
0011   0081           00045                         MOVWF   OPTION_REG
                      00046 
0012   1283           00047                         BCF             STATUS,RP0      ;jumping back to bank 0
MPASM  5.35beta                       PROGRAM.ASM   4-23-2017  1:15:21         PAGE  2
Maze Solver

LOC  OBJECT CODE     LINE SOURCE TEXT
  VALUE

                      00048                         
0013   0185           00049                         CLRF    PORTA   ;clearing PORTA
0014   0186           00050                         CLRF    PORTB   ;CLEARING PORTB
                      00051 
0015   2292           00052                         CALL    POWERUPDELAY ;delaying 40ms waiting power up LCD
                      00053                         
0016   3002           00054                         MOVLW   b'00010'
0017   228C           00055                         CALL    ET
                      00056                         
0018   3002           00057                         MOVLW   b'00010'
0019   228C           00058                         CALL    ET
                      00059 
001A   3008           00060                         MOVLW   b'01000'        ;N=1 2 line mode, F=0
001B   228C           00061                         CALL    ET
                      00062 
001C   3000           00063                         MOVLW   b'00000'        ;initializing display
001D   228C           00064                         CALL    ET                      
                      00065 
001E   300C           00066                         MOVLW   b'01100'        ;setting display to ON
001F   228C           00067                         CALL    ET
                      00068 
0020   22B9           00069                         CALL    CURSOR_MOVERIGHT
                      00070 
0021   22AA           00071                         CALL    CLEARDISPLAY
                      00072 
                      00073                         
                      00074 
0022   2200           00075 WELCOME         CALL    charSp  ;Welcome Screen
0023   2200           00076                         CALL    charSp
0024   2200           00077                         CALL    charSp
0025   220F           00078                         CALL    letterM
0026   2223           00079                         CALL    letterA
0027   224B           00080                         CALL    letterZ
0028   2219           00081                         CALL    letterE
0029   2200           00082                         CALL    charSp
002A   2241           00083                         CALL    letterS
002B   2237           00084                         CALL    letterO
002C   222D           00085                         CALL    letterL
002D   2205           00086                         CALL    letterV
002E   2219           00087                         CALL    letterE
002F   220A           00088                         CALL    letterR
                      00089 
0030   2292           00090                         CALL    POWERUPDELAY    ; delay before clearing the display
0031   22AA           00091                         CALL    CLEARDISPLAY    ; clear display         
                      00092 
                      00093 
                      00094 
                      00095 ;----------------|
                      00096 ;START MENU              |
                      00097 ;----------------|
                      00098 
0032   2200           00099 MENU            CALL    charSp  ;Mode Selection Menu
0033   2200           00100                         CALL    charSp
MPASM  5.35beta                       PROGRAM.ASM   4-23-2017  1:15:21         PAGE  3
Maze Solver

LOC  OBJECT CODE     LINE SOURCE TEXT
  VALUE

0034   2200           00101                         CALL    charSp
0035   2200           00102                         CALL    charSp
0036   2250           00103                         CALL    charStar
0037   2214           00104                         CALL    letterD
0038   2219           00105                         CALL    letterE
0039   221E           00106                         CALL    letterF
003A   2223           00107                         CALL    letterA
003B   2228           00108                         CALL    letterU
003C   222D           00109                         CALL    letterL
003D   2232           00110                         CALL    letterT
                      00111                         
003E   2287           00112                         CALL    NEWLINE
                      00113                         
003F   2200           00114                         CALL    charSp
0040   2237           00115                         CALL    letterO
0041   223C           00116                         CALL    letterB
0042   2241           00117                         CALL    letterS
0043   2232           00118                         CALL    letterT
0044   2223           00119                         CALL    letterA
0045   2246           00120                         CALL    letterC
0046   222D           00121                         CALL    letterL
0047   2219           00122                         CALL    letterE
0048   2200           00123                         CALL    charSp
0049   2200           00124                         CALL    charSp
004A   2200           00125                         CALL    charSp
004B   220F           00126                         CALL    letterM
004C   2223           00127                         CALL    letterA
004D   224B           00128                         CALL    letterZ
004E   2219           00129                         CALL    letterE
                      00130 
                      00131                         ;Initializing first timer delay
004F   0181           00132                         CLRF    TMR0
0050   3026           00133                         MOVLW   d'38'
0051   008E           00134                         MOVWF   TIMER3
                      00135 
0052   158B           00136                         BSF             INTCON,RBIE
0053   178B           00137                         BSF             INTCON,GIE
                      00138 
0054   2854           00139 MENULOOP                GOTO    MENULOOP
                      00140 
0055   22AA           00141 DEFAULT_START   CALL CLEARDISPLAY
0056   22AF           00142                                 CALL    SET_BLINKING
0057   3006           00143                                 MOVLW   b'110'
0058   008F           00144                                 MOVWF   SELECT
                      00145                                 
0059   1414           00146                                 BSF d'20',0 ;obstacle
005A   1495           00147                                 BSF d'21',1 ;empty
005B   1496           00148                                 BSF d'22',1 ;empty
005C   1497           00149                                 BSF d'23',1 ;empty
005D   1498           00150                                 BSF d'24',1 ;empty
005E   1519           00151                                 BSF d'25',2 ;S
005F   149A           00152                                 BSF d'26',1 ;empty
0060   149B           00153                                 BSF d'27',1 ;empty
MPASM  5.35beta                       PROGRAM.ASM   4-23-2017  1:15:21         PAGE  4
Maze Solver

LOC  OBJECT CODE     LINE SOURCE TEXT
  VALUE

0061   149C           00154                                 BSF d'28',1 ;empty
0062   149D           00155                                 BSF d'29',1 ;empty
0063   159E           00156                                 BSF d'30',3 ;E
0064   141F           00157                                 BSF d'31',0 ;obstacle
0065   14A0           00158                                 BSF d'32',1 ;empty
0066   1421           00159                                 BSF d'33',0 ;obstacle
0067   1422           00160                                 BSF d'34',0 ;obstacle
0068   14A3           00161                                 BSF d'35',1 ;empty
0069   14A4           00162                                 BSF d'36',1 ;empty
006A   14A5           00163                                 BSF d'37',1 ;empty
006B   1426           00164                                 BSF d'38',0 ;obstacle
006C   1427           00165                                 BSF d'39',0 ;obstacle
                      00166                         
                      00167 
006D   1586           00168                                 BSF PORTB,3     ;turn on RED LED        
006E   1106           00169                                 BCF PORTB,2 ;ground GREEN LED
                      00170                                 
006F   22BE           00171                                 CALL INDA
0070   2200           00172                                 CALL charSp
0071   2200           00173                                 CALL charSp
0072   2200           00174                                 CALL charSp
0073   2241           00175                                 CALL letterS
0074   2200           00176                                 CALL charSp
0075   225F           00177                                 CALL at
                      00178 
0076   2287           00179                                 CALL NEWLINE
                      00180 
0077   22C3           00181                                 CALL INDA1
0078   2200           00182                                 CALL charSp
0079   2200           00183                                 CALL charSp
007A   2200           00184                                 CALL charSp
007B   2269           00185                                 CALL nb0
007C   2264           00186                                 CALL comma
007D   2282           00187                                 CALL nb5
                      00188 
007E   3008           00189                                 MOVLW   b'01000' ; Set Cursor Starting Position
007F   228C           00190                                 CALL    ET
                      00191                 
0080   3005           00192                                 MOVLW   b'00101' 
0081   228C           00193                                 CALL    ET
                      00194 
0082   0009           00195                                 RETFIE
                      00196 
                      00197 
0083   22AA           00198 OBSTACLE_START  CALL    CLEARDISPLAY
0084   22AF           00199                                 CALL    SET_BLINKING
0085   3004           00200                                 MOVLW   b'100'
0086   008F           00201                                 MOVWF   SELECT
                      00202 
0087   1514           00203                                 BSF     d'20',2 ;S
0088   1495           00204                                 BSF     d'21',1 ;empty
0089   1496           00205                                 BSF     d'22',1 ;empty
008A   1497           00206                                 BSF     d'23',1 ;empty
MPASM  5.35beta                       PROGRAM.ASM   4-23-2017  1:15:21         PAGE  5
Maze Solver

LOC  OBJECT CODE     LINE SOURCE TEXT
  VALUE

008B   1498           00207                                 BSF     d'24',1 ;empty
008C   1499           00208                                 BSF     d'25',1 ;empty
008D   149A           00209                                 BSF     d'26',1 ;empty
008E   149B           00210                                 BSF     d'27',1 ;empty
008F   149C           00211                                 BSF     d'28',1 ;empty
0090   149D           00212                                 BSF     d'29',1 ;empty
0091   149E           00213                                 BSF     d'30',1 ;empty
0092   149F           00214                                 BSF     d'31',1 ;empty
0093   14A0           00215                                 BSF     d'32',1 ;empty
0094   14A1           00216                                 BSF     d'33',1 ;empty
0095   14A2           00217                                 BSF     d'34',1 ;empty
0096   14A3           00218                                 BSF     d'35',1 ;empty
0097   14A4           00219                                 BSF     d'36',1 ;empty
0098   14A5           00220                                 BSF     d'37',1 ;empty
0099   14A6           00221                                 BSF     d'38',1 ;empty
009A   15A7           00222                                 BSF     d'39',3 ;E
                      00223 
009B   1506           00224                                 BSF     PORTB,2 ;TURN ON GREEN LED
009C   1186           00225                                 BCF     PORTB,3 ;GROUND RED LED
                      00226 
009D   22BE           00227                                 CALL    INDA
009E   2200           00228                                 CALL    charSp
009F   2200           00229                                 CALL    charSp
00A0   2200           00230                                 CALL    charSp
00A1   2241           00231                                 CALL    letterS
00A2   2200           00232                                 CALL    charSp
00A3   225F           00233                                 CALL    at
                      00234                                 
00A4   2287           00235                                 CALL    NEWLINE
                      00236         
00A5   22C3           00237                                 CALL    INDA1
00A6   2200           00238                                 CALL    charSp
00A7   2200           00239                                 CALL    charSp
00A8   2200           00240                                 CALL    charSp
00A9   2269           00241                                 CALL    nb0
00AA   2264           00242                                 CALL    comma
00AB   2282           00243                                 CALL    nb5
                      00244 
00AC   3008           00245                                 MOVLW   b'01000' ; Set Cursor Starting Position
00AD   228C           00246                                 CALL    ET
                      00247                 
00AE   3001           00248                                 MOVLW   b'00001' 
00AF   228C           00249                                 CALL    ET
                      00250 
00B0   3000           00251                                 MOVLW   d'0'
00B1   0091           00252                                 MOVWF   ADDRESSING_COUNTER
00B2   0093           00253                                 MOVWF   OBSTACLE_COUNTER                                
                      00254 
00B3   3015           00255                                 MOVLW   d'21'
00B4   0092           00256                                 MOVWF   CURRENT_ADDRESS
00B5   0084           00257                                 MOVWF   FSR
                      00258 
00B6   0009           00259                                 RETFIE
MPASM  5.35beta                       PROGRAM.ASM   4-23-2017  1:15:21         PAGE  6
Maze Solver

LOC  OBJECT CODE     LINE SOURCE TEXT
  VALUE

                      00260 
                      00261 
                      00262 
00B7   22AA           00263 MAZE_START              CALL    CLEARDISPLAY
00B8   22AF           00264                                 CALL    SET_BLINKING
00B9   3005           00265                                 MOVLW   b'101'
00BA   008F           00266                                 MOVWF   SELECT
                      00267 
00BB   1494           00268                                 BSF     d'20',1 ;empty
00BC   1495           00269                                 BSF     d'21',1 ;empty
00BD   1496           00270                                 BSF     d'22',1 ;empty
00BE   1497           00271                                 BSF     d'23',1 ;empty
00BF   1498           00272                                 BSF     d'24',1 ;empty
00C0   1499           00273                                 BSF     d'25',1 ;empty
00C1   149A           00274                                 BSF     d'26',1 ;empty
00C2   149B           00275                                 BSF     d'27',1 ;empty
00C3   149C           00276                                 BSF     d'28',1 ;empty
00C4   149D           00277                                 BSF     d'29',1 ;empty
00C5   149E           00278                                 BSF     d'30',1 ;empty
00C6   149F           00279                                 BSF     d'31',1 ;empty
00C7   14A0           00280                                 BSF     d'32',1 ;empty
00C8   14A1           00281                                 BSF     d'33',1 ;empty
00C9   14A2           00282                                 BSF     d'34',1 ;empty
00CA   14A3           00283                                 BSF     d'35',1 ;empty
00CB   14A4           00284                                 BSF     d'36',1 ;empty
00CC   14A5           00285                                 BSF     d'37',1 ;empty
00CD   14A6           00286                                 BSF     d'38',1 ;empty
00CE   14A7           00287                                 BSF     d'39',1 ;empty
                      00288 
00CF   1506           00289                                 BSF     PORTB,2 ;TURN ON GREEN LED
00D0   1586           00290                                 BSF     PORTB,3 ;TURN ON RED LED
                      00291 
00D1   22BE           00292                                 CALL    INDA
00D2   2200           00293                                 CALL    charSp
00D3   2200           00294                                 CALL    charSp
00D4   2237           00295                                 CALL    letterO
00D5   223C           00296                                 CALL    letterB
00D6   2241           00297                                 CALL    letterS
                      00298 
00D7   2287           00299                                 CALL    NEWLINE
                      00300 
00D8   22C3           00301                                 CALL    INDA1
00D9   2200           00302                                 CALL    charSp
00DA   220A           00303                                 CALL    letterR
00DB   2219           00304                                 CALL    letterE
00DC   220F           00305                                 CALL    letterM
00DD   2200           00306                                 CALL    charSp
00DE   2282           00307                                 CALL    nb5
                      00308 
00DF   3008           00309                                 MOVLW   b'01000' ; Set Cursor Starting Position
00E0   228C           00310                                 CALL    ET
                      00311                 
00E1   3000           00312                                 MOVLW   b'00000' 
MPASM  5.35beta                       PROGRAM.ASM   4-23-2017  1:15:21         PAGE  7
Maze Solver

LOC  OBJECT CODE     LINE SOURCE TEXT
  VALUE

00E2   228C           00313                                 CALL    ET
                      00314 
00E3   3000           00315                                 MOVLW   d'0'
00E4   0091           00316                                 MOVWF   ADDRESSING_COUNTER
00E5   0093           00317                                 MOVWF   OBSTACLE_COUNTER
                      00318 
00E6   3000           00319                                 MOVLW   d'0'
00E7   00B2           00320                                 MOVWF   REMAINING_NUMBER
                      00321 
00E8   3014           00322                                 MOVLW   d'20'
00E9   0092           00323                                 MOVWF   CURRENT_ADDRESS
00EA   0084           00324                                 MOVWF   FSR                             
                      00325 
00EB   168B           00326                                 BSF             INTCON,T0IE     ;ENABLE TIMER INTERRUPT
                      00327 
00EC   3032           00328                                 MOVLW   d'50'
00ED   008E           00329                                 MOVWF   TIMER3
00EE   0181           00330                                 CLRF    TMR0
                      00331 
00EF   0009           00332                                 RETFIE
                      00333 
                      00334 ;-------------------------|
                      00335 ;END MAIN PROGRAM         |
                      00336 ;-------------------------| 
                      00337 
                      00338 
00F0   22A4           00339 BUTTONPRESS             CALL    DEBOUNCE_DELAY  ;CALLED WHEN ANY BUTTON IS PRESSED      
00F1   1E06           00340                                 BTFSS   PORTB, 4        ;checking if button 1 pressed
00F2   28FA           00341                                 GOTO    MOVE_BUTTON
00F3   1E86           00342                                 BTFSS   PORTB, 5        ;checking if button 2 pressed
00F4   28FD           00343                                 GOTO    CONFIRM_BUTTON
00F5   1F06           00344                                 BTFSS   PORTB, 6        ;checking if button 3 pressed
00F6   290E           00345                                 GOTO    START_BUTTON    
00F7   1F86           00346                                 BTFSS   PORTB, 7        ;checking if button 4 pressed
00F8   291D           00347                                 GOTO    END_BUTTON
00F9   292C           00348                                 GOTO    RETURN_TO_PROGRAM
                      00349                                 
00FA   1D0F           00350 MOVE_BUTTON             BTFSS   SELECT, 2       ; if bit 2 of select is cleared, we are in the menu
00FB   2942           00351                                 GOTO    INCREMENT_POINTER ; used to navigate the menu
00FC   2973           00352                                 GOTO    MOVE_CURSOR_MAZE ;to navigate the cursor around the maze
                      00353 
00FD   1D0F           00354 CONFIRM_BUTTON  BTFSS   SELECT, 2       ; if bit 2 of select is cleared, we are in the menu
00FE   2902           00355                                 GOTO    CHOOSE_MODE ; used to confirm the mode we are currently pointing
                             at
00FF   1C8F           00356                                 BTFSS   SELECT,1        ; SELECT = 110 --> DEFAULT MODE / ELSE --> OBSTA
                            CLE MODE OR MAZE MODE
0100   29B3           00357                                 GOTO    PLACE_OBSTACLECHOOSE
0101   29FD           00358                                 GOTO    SOLVE_MAZE ; we solve the maze directly in default mode
                      00359 
0102   100B           00360 CHOOSE_MODE             BCF             INTCON, RBIF
0103   1C0F           00361                                 BTFSS   SELECT,0
0104   2907           00362                                 GOTO    S0
0105   180F           00363                                 BTFSC   SELECT,0
MPASM  5.35beta                       PROGRAM.ASM   4-23-2017  1:15:21         PAGE  8
Maze Solver

LOC  OBJECT CODE     LINE SOURCE TEXT
  VALUE

0106   290B           00364                                 GOTO    S1
0107   1C8F           00365 S0                              BTFSS   SELECT,1
0108   28B7           00366                                 GOTO    MAZE_START
0109   188F           00367                                 BTFSC   SELECT,1
010A   2855           00368                                 GOTO    DEFAULT_START
010B   1C8F           00369 S1                              BTFSS   SELECT,1
010C   2883           00370                                 GOTO    OBSTACLE_START
010D   292C           00371                                 GOTO    RETURN_TO_PROGRAM
                      00372 
                      00373 
010E   1D0F           00374 START_BUTTON    BTFSS   SELECT, 2
010F   292C           00375                                 GOTO    RETURN_TO_PROGRAM
0110   1C0F           00376                                 BTFSS   SELECT, 0
0111   292C           00377                                 GOTO    RETURN_TO_PROGRAM
                      00378                                 
0112   1C80           00379                                 BTFSS   INDF,1  ;CHECK IF THE POSITION IS EMPTY
0113   29F8           00380                                 GOTO    CANNOT_PLACE    ;IF NOT EMPTY RETURN
                      00381 
0114   1A13           00382                                 BTFSC   OBSTACLE_COUNTER,4      ;BIT 4 IS SET WHEN START POSITION HAS AL
                            READY BEEN PLACED
0115   29F8           00383                                 GOTO    CANNOT_PLACE
                      00384 
0116   2241           00385                                 CALL    letterS ;Print S
0117   21EA           00386                                 CALL    RETURN_TO_PREV_POSITION
0118   1186           00387                                 BCF     PORTB,3 ;GROUND RED LED
0119   1613           00388                                 BSF             OBSTACLE_COUNTER,4
011A   1500           00389                                 BSF             INDF, 2  ;SET THE ADDRESS AS CONTAINING THE STARTING POS
                            ITION
011B   1080           00390                                 BCF             INDF, 1 ;SET THE ADDRESS AS NOT EMPTY
                      00391                                 
011C   292E           00392                                 GOTO    CHECK_IF_DONE
                      00393 
011D   1D0F           00394 END_BUTTON              BTFSS   SELECT, 2
011E   292C           00395                                 GOTO    RETURN_TO_PROGRAM
011F   1C0F           00396                                 BTFSS   SELECT, 0
0120   292C           00397                                 GOTO    RETURN_TO_PROGRAM
                      00398 
0121   1C80           00399                                 BTFSS   INDF,1 ;CHECK IF THE POSITION IS EMPTY
0122   29F8           00400                                 GOTO    CANNOT_PLACE ;IF NOT EMPTY RETURN
                      00401 
0123   1A93           00402                                 BTFSC   OBSTACLE_COUNTER,5 ;BIT 5 IS SET WHEN END POSITION HAS ALREADY B
                            EEN PLACED
0124   29F8           00403                                 GOTO    CANNOT_PLACE
                      00404 
0125   2219           00405                                 CALL    letterE
0126   21EA           00406                                 CALL    RETURN_TO_PREV_POSITION
0127   1106           00407                                 BCF     PORTB,2 ;GROUND GREEN LED
0128   1693           00408                                 BSF             OBSTACLE_COUNTER,5
0129   1580           00409                                 BSF             INDF, 3 ; SET THE ADDRESS AS CONTAINING THE END POSITION
012A   1080           00410                                 BCF             INDF, 1 ; SET THE ADDRESS AS NOT EMPTY
                      00411                                 
012B   292E           00412                                 GOTO    CHECK_IF_DONE
                      00413         
MPASM  5.35beta                       PROGRAM.ASM   4-23-2017  1:15:21         PAGE  9
Maze Solver

LOC  OBJECT CODE     LINE SOURCE TEXT
  VALUE

012C   100B           00414 RETURN_TO_PROGRAM               BCF             INTCON, RBIF    
012D   0009           00415                                                 RETFIE
                      00416 
012E   1C13           00417 CHECK_IF_DONE   BTFSS   OBSTACLE_COUNTER,0 ;CHECK IF ALL 5 OBSTACLES HAVE BEEN PLACED
012F   292C           00418                                 GOTO    RETURN_TO_PROGRAM
0130   1D13           00419                                 BTFSS   OBSTACLE_COUNTER,2
0131   292C           00420                                 GOTO    RETURN_TO_PROGRAM
0132   1E13           00421                                 BTFSS   OBSTACLE_COUNTER,4 ;CHECK IF THE START POSITION HAS BEEN PLACED
0133   292C           00422                                 GOTO    RETURN_TO_PROGRAM
0134   1E93           00423                                 BTFSS   OBSTACLE_COUNTER,5 ;CHECK IF THE END POSITION HAS BEEN PLACED
0135   292C           00424                                 GOTO    RETURN_TO_PROGRAM
0136   29FD           00425                                 GOTO    SOLVE_MAZE
                      00426 
                      00427 
                      00428 ;---------------TIMER INTERRUPT CODE--------------------------------
0137   2292           00429 timerInterrupt  CALL    POWERUPDELAY
0138   0B8E           00430                                 DECFSZ  TIMER3,F ;decrementing timer3 to get 2s delay
0139   2941           00431                                 GOTO    RETTIMER3
                      00432 
                      00433                                 ;INCREMENTING START POSITION
013A   3032           00434                                 MOVLW   d'50'
013B   008E           00435                                 MOVWF   TIMER3
013C   0181           00436                                 CLRF    TMR0
013D   1991           00437                                 BTFSC   ADDRESSING_COUNTER,3    ;IF ADDRESSING_COUNTER = 9 --> MOVE TO T
                            HE OTHER ROW
013E   1C11           00438                                 BTFSS   ADDRESSING_COUNTER,0
013F   297B           00439                                 GOTO    CURSOR_INCREMENT        
0140   299A           00440                                 GOTO    CURSOR_SWITCH_ROW               
                      00441                                 
0141   0009           00442 RETTIMER3       RETFIE
                      00443 ;------------------------------------------------------------------
                      00444 
                      00445 
                      00446 
                      00447 
                      00448 ;---------------INCREMENT POINTER CODE----------------------------
0142   1C0F           00449 INCREMENT_POINTER       BTFSS   SELECT,0
0143   2946           00450                                         GOTO    S00CHECKS1
0144   180F           00451                                         BTFSC   SELECT,0
0145   294A           00452                                         GOTO    S01CHECKS1
                      00453 
0146   1C8F           00454 S00CHECKS1              BTFSS   SELECT,1
0147   294D           00455                                 GOTO    POSITION1
0148   188F           00456                                 BTFSC   SELECT,1
0149   2959           00457                                 GOTO    POSITION2
                      00458 
014A   1C8F           00459 S01CHECKS1              BTFSS   SELECT,1
014B   2966           00460                                 GOTO    POSITION3
014C   292C           00461                                 GOTO    RETURN_TO_PROGRAM
                      00462 
                      00463 ;CLEARING CAN BE OPTIMIZED FURTHER IF NECESSARY
014D   300C           00464 POSITION1               MOVLW   b'01100' ;4AH IS THE LOCATION
014E   228C           00465                                 CALL    ET
MPASM  5.35beta                       PROGRAM.ASM   4-23-2017  1:15:21         PAGE 10
Maze Solver

LOC  OBJECT CODE     LINE SOURCE TEXT
  VALUE

                      00466                 
014F   300B           00467                                 MOVLW b'01011' ; 4 bits to jump address
0150   228C           00468                                 CALL ET 
0151   2200           00469                                 CALL    charSp
                      00470 
                      00471 
0152   3008           00472                                 MOVLW b'01000' ; 00 IS THE LOCATION
0153   228C           00473                                 CALL ET
                      00474                 
0154   3004           00475                                 MOVLW b'00100' ; 4 bits to jump address
0155   228C           00476                                 CALL ET
                      00477 
0156   2250           00478                                 CALL    charStar;print star before DEFAULT
0157   148F           00479                                 BSF             SELECT,1
                      00480                                 
0158   292C           00481                                 GOTO    RETURN_TO_PROGRAM
                      00482 
                      00483 ;CLEARING CAN BE OPTIMIZED FURTHER IF NECESSARY
0159   3008           00484 POSITION2               MOVLW   b'01000' ; clearing position 1
015A   228C           00485                                 CALL    ET
                      00486                 
015B   3004           00487                                 MOVLW   b'00100' ; 4 bits to jump address
015C   228C           00488                                 CALL    ET
015D   2200           00489                                 CALL    charSp          
                      00490 
                      00491 
015E   300C           00492                                 MOVLW b'01100' ; 40H IS THE LOCATION
015F   228C           00493                                 CALL ET
                      00494                 
0160   3000           00495                                 MOVLW b'00000' ; 4 bits to jump address
0161   228C           00496                                 CALL ET 
                      00497                                 
0162   2250           00498                                 CALL    charStar;print star before OBSTACLE     
                      00499 
0163   140F           00500                                 BSF             SELECT,0
0164   108F           00501                                 BCF             SELECT,1
0165   292C           00502                                 GOTO    RETURN_TO_PROGRAM
                      00503                                 
                      00504 
                      00505 ;CLEARING CAN BE OPTIMIZED FURTHER IF NECESSARY
0166   300C           00506 POSITION3               MOVLW b'01100' ; clearing position 2
0167   228C           00507                                 CALL ET
                      00508                 
0168   3000           00509                                 MOVLW   b'00000' ; clearing position 2
0169   228C           00510                                 CALL    ET      
016A   2200           00511                                 CALL    charSp
                      00512 
016B   300C           00513                                 MOVLW   b'01100' ;4AH IS THE LOCATION
016C   228C           00514                                 CALL    ET
                      00515                 
016D   300B           00516                                 MOVLW b'01011' ; 4 bits to jump address
016E   228C           00517                                 CALL ET 
                      00518                                 
MPASM  5.35beta                       PROGRAM.ASM   4-23-2017  1:15:21         PAGE 11
Maze Solver

LOC  OBJECT CODE     LINE SOURCE TEXT
  VALUE

016F   2250           00519                                 CALL    charStar;print star before MAZE
0170   100F           00520                                 BCF             SELECT,0
0171   108F           00521                                 BCF             SELECT,1
0172   292C           00522                                 GOTO    RETURN_TO_PROGRAM
                      00523 
                      00524 ;---------------MOVE CURSOR CODE----------------------------
                      00525 
0173   1C0F           00526 MOVE_CURSOR_MAZE        BTFSS   SELECT,0        ;SELECT = 100 --> OBSTACLE MODE / SELECT = 101 --> MAZE 
                            MODE
0174   2976           00527                                         GOTO    MOVE_CURSOR_OBSTACLE
0175   292C           00528                                         GOTO    RETURN_TO_PROGRAM
                      00529                                         ;GOTO   MOVE_CURSOR_MAZEMODE
                      00530 
0176   1D91           00531 MOVE_CURSOR_OBSTACLE    BTFSS   ADDRESSING_COUNTER, 3
0177   297B           00532                                                 GOTO    CURSOR_INCREMENT
0178   1A11           00533                                                 BTFSC   ADDRESSING_COUNTER, 4
0179   29FD           00534                                                 GOTO    SOLVE_MAZE
017A   298F           00535                                                 GOTO    CURSOR_NEXTLINE
                      00536 
017B   1800           00537 CURSOR_INCREMENT                BTFSC INDF,0
017C   2255           00538                                                 CALL rectangle
017D   1880           00539                                                 BTFSC INDF,1
017E   225A           00540                                                 CALL empty
017F   1900           00541                                                 BTFSC INDF,2
0180   2241           00542                                                 CALL letterS
0181   1980           00543                                                 BTFSC INDF,3
0182   2219           00544                                                 CALL letterE    
0183   1E11           00545                                                 BTFSS   ADDRESSING_COUNTER, 4 ;IF BIT4 OF ADDRESSING COU
                            NTER IS SET, WE ARE IN THE SECOND LINE AND MOVING BACKWARDS
0184   2189           00546                                                 CALL    INCREMENT               ;MOVE TO THE RIGHT      
                                                    
0185   1A11           00547                                                 BTFSC   ADDRESSING_COUNTER, 4
0186   218C           00548                                                 CALL    DECREMENT               ;MOVE TO THE LEFT       
                                    
Message[305]: Using default destination of 1 (file).
0187   0A91           00549                                                 INCF    ADDRESSING_COUNTER
0188   292C           00550                                                 GOTO    RETURN_TO_PROGRAM
                      00551 
Message[305]: Using default destination of 1 (file).
0189   0A92           00552 INCREMENT                               INCF    CURRENT_ADDRESS
Message[305]: Using default destination of 1 (file).
018A   0A84           00553                                                 INCF    FSR
018B   0008           00554                                                 RETURN
                      00555 
Message[305]: Using default destination of 1 (file).
018C   0392           00556 DECREMENT                               DECF    CURRENT_ADDRESS
Message[305]: Using default destination of 1 (file).
018D   0384           00557                                                 DECF    FSR
018E   0008           00558                                                 RETURN
                      00559 
018F   300C           00560 CURSOR_NEXTLINE                 MOVLW   b'01100' ;move to ROW1 COLUMN 8
0190   228C           00561                                                 CALL    ET
0191   3008           00562                                                 MOVLW   b'01000'
MPASM  5.35beta                       PROGRAM.ASM   4-23-2017  1:15:21         PAGE 12
Maze Solver

LOC  OBJECT CODE     LINE SOURCE TEXT
  VALUE

0192   228C           00563                                                 CALL    ET
0193   22B4           00564                                                 CALL    CURSOR_MOVELEFT
0194   3010           00565                                                 MOVLW   b'10000'
0195   0091           00566                                                 MOVWF   ADDRESSING_COUNTER
0196   3026           00567                                                 MOVLW   d'38'
0197   0092           00568                                                 MOVWF   CURRENT_ADDRESS
0198   0084           00569                                                 MOVWF   FSR
0199   292C           00570                                                 GOTO    RETURN_TO_PROGRAM
                      00571 
019A   1A11           00572 CURSOR_SWITCH_ROW               BTFSC   ADDRESSING_COUNTER,4
019B   29A8           00573                                                 GOTO    SWITCH_UP
019C   299D           00574                                                 GOTO    SWITCH_DOWN
                      00575 
019D   300C           00576 SWITCH_DOWN                             MOVLW   b'01100' ; move to ROW1 COLUMN 9
019E   228C           00577                                                 CALL    ET
019F   3009           00578                                                 MOVLW   b'01001'
01A0   228C           00579                                                 CALL    ET
01A1   22B4           00580                                                 CALL    CURSOR_MOVELEFT
01A2   3010           00581                                                 MOVLW   b'10000'
01A3   0091           00582                                                 MOVWF   ADDRESSING_COUNTER
01A4   3027           00583                                                 MOVLW   d'39'
01A5   0092           00584                                                 MOVWF   CURRENT_ADDRESS
01A6   0084           00585                                                 MOVWF   FSR             ;ADJUST FSR
01A7   292C           00586                                                 GOTO    RETURN_TO_PROGRAM
                      00587 
01A8   3008           00588 SWITCH_UP                               MOVLW   b'01000' ;move to ROW0 COLUMN 0
01A9   228C           00589                                                 CALL    ET
01AA   3000           00590                                                 MOVLW   b'00000'
01AB   228C           00591                                                 CALL    ET
01AC   22B9           00592                                                 CALL    CURSOR_MOVERIGHT
01AD   3000           00593                                                 MOVLW   b'00000'
01AE   0091           00594                                                 MOVWF   ADDRESSING_COUNTER
01AF   3014           00595                                                 MOVLW   d'20'
01B0   0092           00596                                                 MOVWF   CURRENT_ADDRESS
01B1   0084           00597                                                 MOVWF   FSR
01B2   292C           00598                                                 GOTO    RETURN_TO_PROGRAM
                      00599 
                      00600 ;MOVE_CURSOR_MAZEMODE
                      00601 ;-----------------------------------------------------------------------------  
                      00602 
                      00603 ;---------------PLACE OBSTACLES CODE----------------------------
                      00604 
01B3   1C0F           00605 PLACE_OBSTACLECHOOSE    BTFSS   SELECT,0        ;SELECT = 100 --> OBSTACLE MODE / SELECT = 101 --> MAZE 
                            MODE
01B4   29B6           00606                                                 GOTO    PLACE_OBSTACLEMODE
01B5   29C7           00607                                                 GOTO    PLACE_MAZEMODE
                      00608 
01B6   21F9           00609 PLACE_OBSTACLEMODE      CALL    PLACE_OBSTACLE  ;PLACE OBSTACLE IN CURRENT POSITION
                      00610                                         ;BUZZ SOUND
Message[305]: Using default destination of 1 (file).
01B7   0A93           00611                                         INCF    OBSTACLE_COUNTER        ;ADJUST NUMBER OF PLACED OBSTACL
                            ES                                                                      
01B8   1913           00612                                         BTFSC   OBSTACLE_COUNTER,2 ;CHECK IF 5 OBSTACLES HAVE BEEN PLACE
MPASM  5.35beta                       PROGRAM.ASM   4-23-2017  1:15:21         PAGE 13
Maze Solver

LOC  OBJECT CODE     LINE SOURCE TEXT
  VALUE

                            D
01B9   1C13           00613                                         BTFSS   OBSTACLE_COUNTER,0
01BA   29BC           00614                                         GOTO    ADJUST_NEXT_POSITION ; ADJUST CURSOR TO KEEP PLACING OBS
                            TACLES
01BB   29FD           00615                                         GOTO    SOLVE_MAZE      ;IF WE HAVE PLACE 5 OBSTACLES WE SOLVE T
                            HE MAZE
                      00616 
01BC   1D91           00617 ADJUST_NEXT_POSITION            BTFSS   ADDRESSING_COUNTER, 3   ; IF IT IS SET, WE ARE ON ROW0 COLUMN9, 
                            OR ROW1 COLUMN0
01BD   29C1           00618                                                         GOTO    INCREMENT_NEXT_POSITION 
01BE   1A11           00619                                                         BTFSC   ADDRESSING_COUNTER, 4   ; IF IT IS SET, 
                            WE ARE ON ROW1 COLUMN0, ELSE WE ARE ON ROW0 COLUMN9
01BF   29FD           00620                                                         GOTO    SOLVE_MAZE
01C0   298F           00621                                                         GOTO    CURSOR_NEXTLINE
                      00622                                                         
01C1   1E11           00623 INCREMENT_NEXT_POSITION         BTFSS   ADDRESSING_COUNTER, 4 ;IF BIT4 OF ADDRESSING COUNTER IS SET, WE 
                            ARE IN ROW1 AND NEED TO MOVE BACKWARDS
01C2   2189           00624                                                         CALL    INCREMENT                 
01C3   1A11           00625                                                         BTFSC   ADDRESSING_COUNTER, 4
01C4   218C           00626                                                         CALL    DECREMENT
Message[305]: Using default destination of 1 (file).
01C5   0A91           00627                                                         INCF    ADDRESSING_COUNTER
01C6   292C           00628                                                         GOTO    RETURN_TO_PROGRAM
                      00629 
                      00630 
01C7   1C80           00631 PLACE_MAZEMODE          BTFSS   INDF,1  ;CHECK IF THE POSITION IS EMPTY
01C8   29F8           00632                                         GOTO    CANNOT_PLACE    ;IF NOT EMPTY RETURN
01C9   1913           00633                                         BTFSC   OBSTACLE_COUNTER,2 ;CHECK IF 5 OBSTACLES HAVE BEEN PLACE
                            D
01CA   1C13           00634                                         BTFSS   OBSTACLE_COUNTER,0
01CB   29CD           00635                                         GOTO    PLACE_OBS_MAZEMODE
01CC   29F8           00636                                         GOTO    CANNOT_PLACE    
                      00637 
01CD   21F9           00638 PLACE_OBS_MAZEMODE      CALL    PLACE_OBSTACLE
Message[305]: Using default destination of 1 (file).
01CE   0A93           00639                                         INCF    OBSTACLE_COUNTER        ;INCREMENT OBSTACLE COUNTER
                      00640                                         ;ADJUST REMAINING:
                      00641                                         ; MOVE TO THE REMAINING NB OF OBSTACLES POSITION
01CF   300C           00642                                         MOVLW   b'01100'
01D0   228C           00643                                         CALL    ET
01D1   300F           00644                                         MOVLW   b'01111'
01D2   228C           00645                                         CALL    ET
                      00646                                         ;WRITE NUMBER
                      00647 
01D3   1DB2           00648                                         BTFSS   REMAINING_NUMBER,3
01D4   29D8           00649                                         GOTO    REMAINING_CASE1
01D5   2269           00650                                         CALL    nb0
01D6   21EA           00651                                         CALL    RETURN_TO_PREV_POSITION
01D7   29F6           00652                                         GOTO    PLACE_MAZEMODE_RETURN
                      00653 
01D8   1D32           00654 REMAINING_CASE1         BTFSS   REMAINING_NUMBER,2
01D9   29DD           00655                                         GOTO    REMAINING_CASE2
01DA   226E           00656                                         CALL    nb1
MPASM  5.35beta                       PROGRAM.ASM   4-23-2017  1:15:21         PAGE 14
Maze Solver

LOC  OBJECT CODE     LINE SOURCE TEXT
  VALUE

01DB   21EA           00657                                         CALL    RETURN_TO_PREV_POSITION
01DC   29F6           00658                                         GOTO    PLACE_MAZEMODE_RETURN
                      00659 
01DD   1CB2           00660 REMAINING_CASE2         BTFSS   REMAINING_NUMBER,1
01DE   29E2           00661                                         GOTO    REMAINING_CASE3
01DF   2273           00662                                         CALL    nb2
01E0   21EA           00663                                         CALL    RETURN_TO_PREV_POSITION
01E1   29F6           00664                                         GOTO    PLACE_MAZEMODE_RETURN
                      00665 
01E2   1C32           00666 REMAINING_CASE3         BTFSS   REMAINING_NUMBER,0
01E3   29E7           00667                                         GOTO    REMAINING_CASE4
01E4   2278           00668                                         CALL    nb3
01E5   21EA           00669                                         CALL    RETURN_TO_PREV_POSITION
01E6   29F6           00670                                         GOTO    PLACE_MAZEMODE_RETURN
                      00671 
01E7   227D           00672 REMAINING_CASE4         CALL    nb4
01E8   21EA           00673                                         CALL    RETURN_TO_PREV_POSITION
01E9   29F6           00674                                         GOTO    PLACE_MAZEMODE_RETURN
                      00675 
                      00676                                         ;RETURN TO PREVIOUS POSITION
01EA   1E11           00677 RETURN_TO_PREV_POSITION         BTFSS   ADDRESSING_COUNTER, 4 ;IF BIT4 = 1 --> WE ARE IN ROW 1, ELSE WE 
                            ARE IN ROW 0
01EB   3008           00678                                                         MOVLW   b'01000'          
01EC   1A11           00679                                                         BTFSC   ADDRESSING_COUNTER, 4
01ED   300C           00680                                                         MOVLW   b'01100'
01EE   228C           00681                                                         CALL    ET
01EF   1E11           00682                                                         BTFSS   ADDRESSING_COUNTER, 4
01F0   3014           00683                                                         MOVLW   d'20'   ;ROW 0 : D'20' to d'29'
01F1   1A11           00684                                                         BTFSC   ADDRESSING_COUNTER, 4
01F2   301E           00685                                                         MOVLW   d'30'   ;ROW 1 : d'30' to d'39'
01F3   0204           00686                                                         SUBWF   FSR,0   ; ADDRESS REGISTER - VALUE IN W 
                            = OFFSET
01F4   228C           00687                                                         CALL    ET      
01F5   0008           00688                                                         RETURN                                  
                      00689 
01F6   0DB2           00690 PLACE_MAZEMODE_RETURN           RLF             REMAINING_NUMBER,1 ;ROTATE IT ONCE TO THE LEFT TO SELECT
                             CORRECT CASE FOR REMAINING NUMBER
01F7   292E           00691                                                         GOTO    CHECK_IF_DONE
                      00692 
01F8                  00693 CANNOT_PLACE            ;BUZZ SOUND
01F8   292C           00694                                         GOTO    RETURN_TO_PROGRAM
                      00695 
                      00696 
01F9   1400           00697 PLACE_OBSTACLE          BSF             INDF, 0 ;SET THE ADDRESS AS CONTAINING AN OBSTACLE
01FA   1080           00698                                         BCF             INDF, 1 ;SET THE ADDRESS AS NOT EMPTY
01FB   2255           00699                                         CALL    rectangle
01FC   0008           00700                                         RETURN
                      00701 
                      00702 
                      00703 ;---------------MAZE SOLVING ALGORITHM----------------------------
                      00704 
01FD   22AA           00705 SOLVE_MAZE              CALL    CLEARDISPLAY
01FE   100B           00706                                 BCF             INTCON,RBIF
MPASM  5.35beta                       PROGRAM.ASM   4-23-2017  1:15:21         PAGE 15
Maze Solver

LOC  OBJECT CODE     LINE SOURCE TEXT
  VALUE

01FF   2822           00707                                 GOTO    WELCOME
                      00708 
                      00709 ;-----------------------------------------------------------------------------
                      00710 ;------CHARACTER DECLARATIONS---------
                      00711 
0200   3012           00712 charSp  MOVLW b'10010' ;upper bits of Space character
0201   228C           00713                 CALL ET
0202   3010           00714                 MOVLW b'10000' ;lower bits of Space character
0203   228C           00715                 CALL ET 
0204   0008           00716                 RETURN          
0205   3015           00717 letterV MOVLW b'10101' ;upper bits of V
0206   228C           00718                 CALL ET
0207   3016           00719                 MOVLW b'10110' ;lower bits of V
0208   228C           00720                 CALL ET  
0209   0008           00721                 RETURN
020A   3015           00722 letterR MOVLW b'10101' ;upper bits of R
020B   228C           00723                 CALL ET
020C   3012           00724                 MOVLW b'10010' ;lower bits of R
020D   228C           00725                 CALL ET  
020E   0008           00726                 RETURN
020F   3014           00727 letterM MOVLW b'10100' ;upper bits of M
0210   228C           00728                 CALL ET
0211   301D           00729                 MOVLW b'11101' ;lower bits of M
0212   228C           00730                 CALL ET 
0213   0008           00731                 RETURN
0214   3014           00732 letterD MOVLW b'10100' ;upper bits of D
0215   228C           00733                 CALL ET
0216   3014           00734                 MOVLW b'10100' ;lower bits of D
0217   228C           00735                 CALL ET 
0218   0008           00736                 RETURN
0219   3014           00737 letterE MOVLW b'10100' ;upper bits of E
021A   228C           00738                 CALL ET
021B   3015           00739                 MOVLW b'10101' ;lower bits of E
021C   228C           00740                 CALL ET 
021D   0008           00741                 RETURN
021E   3014           00742 letterF MOVLW b'10100' ;upper bits of F
021F   228C           00743                 CALL ET
0220   3016           00744                 MOVLW b'10110' ;lower bits of D
0221   228C           00745                 CALL ET 
0222   0008           00746                 RETURN
0223   3014           00747 letterA MOVLW b'10100' ;upper bits of A
0224   228C           00748                 CALL ET
0225   3011           00749                 MOVLW b'10001' ;lower bits of A
0226   228C           00750                 CALL ET 
0227   0008           00751                 RETURN
0228   3015           00752 letterU MOVLW b'10101' ;upper bits of U
0229   228C           00753                 CALL ET
022A   3015           00754                 MOVLW b'10101' ;lower bits of U
022B   228C           00755                 CALL ET 
022C   0008           00756                 RETURN
022D   3014           00757 letterL MOVLW b'10100' ;upper bits of L
022E   228C           00758                 CALL ET
022F   301C           00759                 MOVLW b'11100' ;lower bits of L
MPASM  5.35beta                       PROGRAM.ASM   4-23-2017  1:15:21         PAGE 16
Maze Solver

LOC  OBJECT CODE     LINE SOURCE TEXT
  VALUE

0230   228C           00760                 CALL ET 
0231   0008           00761                 RETURN
0232   3015           00762 letterT MOVLW b'10101' ;upper bits of T
0233   228C           00763                 CALL ET
0234   3014           00764                 MOVLW b'10100' ;lower bits of T
0235   228C           00765                 CALL ET 
0236   0008           00766                 RETURN
0237   3014           00767 letterO MOVLW b'10100' ;upper bits of O
0238   228C           00768                 CALL ET
0239   301F           00769                 MOVLW b'11111' ;lower bits of O
023A   228C           00770                 CALL ET 
023B   0008           00771                 RETURN
023C   3014           00772 letterB MOVLW b'10100' ;upper bits of B
023D   228C           00773                 CALL ET
023E   3012           00774                 MOVLW b'10010' ;lower bits of B
023F   228C           00775                 CALL ET 
0240   0008           00776                 RETURN
0241   3015           00777 letterS MOVLW b'10101' ;upper bits of S
0242   228C           00778                 CALL ET
0243   3013           00779                 MOVLW b'10011' ;lower bits of S
0244   228C           00780                 CALL ET 
0245   0008           00781                 RETURN
0246   3014           00782 letterC MOVLW b'10100' ;upper bits of C
0247   228C           00783                 CALL ET
0248   3013           00784                 MOVLW b'10011' ;lower bits of C
0249   228C           00785                 CALL ET 
024A   0008           00786                 RETURN
024B   3015           00787 letterZ MOVLW b'10101' ;upper bits of Z
024C   228C           00788                 CALL ET
024D   301A           00789                 MOVLW b'11010' ;lower bits of Z
024E   228C           00790                 CALL ET 
024F   0008           00791                 RETURN
0250   3012           00792 charStar        MOVLW b'10010' ;upper bits of Star Character
0251   228C           00793                 CALL ET         
0252   301A           00794                 MOVLW b'11010' ;lower bits of Star Character
0253   228C           00795                 CALL ET 
0254   0008           00796                 RETURN
0255   301F           00797 rectangle       MOVLW   b'11111'
0256   228C           00798                         CALL    ET
0257   301F           00799                         MOVLW   b'11111'
0258   228C           00800                         CALL    ET
0259   0008           00801                         RETURN
025A   3015           00802 empty           MOVLW   b'10101'
025B   228C           00803                         CALL    ET      
025C   301F           00804                         MOVLW   b'11111'
025D   228C           00805                         CALL    ET
025E   0008           00806                         RETURN
025F   3014           00807 at                      MOVLW   b'10100'
0260   228C           00808                         CALL    ET      
0261   3010           00809                         MOVLW   b'10000'
0262   228C           00810                         CALL    ET
0263   0008           00811                         RETURN
0264   3012           00812 comma           MOVLW   b'10010'
MPASM  5.35beta                       PROGRAM.ASM   4-23-2017  1:15:21         PAGE 17
Maze Solver

LOC  OBJECT CODE     LINE SOURCE TEXT
  VALUE

0265   228C           00813                         CALL    ET      
0266   301C           00814                         MOVLW   b'11100'
0267   228C           00815                         CALL    ET
0268   0008           00816                         RETURN
0269   3013           00817 nb0                     MOVLW   b'10011'
026A   228C           00818                         CALL    ET      
026B   3010           00819                         MOVLW   b'10000'
026C   228C           00820                         CALL    ET
026D   0008           00821                         RETURN
026E   3013           00822 nb1                     MOVLW   b'10011'
026F   228C           00823                         CALL    ET      
0270   3011           00824                         MOVLW   b'10001'
0271   228C           00825                         CALL    ET
0272   0008           00826                         RETURN
0273   3013           00827 nb2                     MOVLW   b'10011'
0274   228C           00828                         CALL    ET      
0275   3012           00829                         MOVLW   b'10010'
0276   228C           00830                         CALL    ET
0277   0008           00831                         RETURN
0278   3013           00832 nb3                     MOVLW   b'10011'
0279   228C           00833                         CALL    ET      
027A   3013           00834                         MOVLW   b'10011'
027B   228C           00835                         CALL    ET
027C   0008           00836                         RETURN
027D   3013           00837 nb4                     MOVLW   b'10011'
027E   228C           00838                         CALL    ET      
027F   3014           00839                         MOVLW   b'10100'
0280   228C           00840                         CALL    ET
0281   0008           00841                         RETURN
0282   3013           00842 nb5                     MOVLW   b'10011'
0283   228C           00843                         CALL    ET      
0284   3015           00844                         MOVLW   b'10101'
0285   228C           00845                         CALL    ET
0286   0008           00846                         RETURN
0287   300C           00847 NEWLINE         MOVLW b'01100' ; 3 bits to jump address
0288   228C           00848                         CALL ET
                      00849                 
0289   3000           00850                         MOVLW b'00000' ; 4 bits to jump address
028A   228C           00851                         CALL ET
028B   0008           00852                         RETURN
                      00853 
                      00854 ;------------------------------------------
                      00855 
                      00856 ;------DELAYS AND OTHER FIXED FUNCTIONS---------
028C   0085           00857 ET              MOVWF   PORTA
028D   1486           00858                 BSF             PORTB,1; making a falling edge
028E   0000           00859                 NOP
028F   1086           00860                 BCF             PORTB,1
0290   229B           00861                 CALL    PRINTDELAY; this is to wait for LCD to stop executing
0291   0008           00862                 RETURN
                      00863 
                      00864 
                      00865 
MPASM  5.35beta                       PROGRAM.ASM   4-23-2017  1:15:21         PAGE 18
Maze Solver

LOC  OBJECT CODE     LINE SOURCE TEXT
  VALUE

0292   3000           00866 POWERUPDELAY    MOVLW   d'00'   ; setting up 40ms delay
0293   008C           00867                                 MOVWF   COUNTER
0294   3033           00868                                 MOVLW   d'51'
0295   008D           00869                                 MOVWF   COUNTER2
                      00870 
0296   0F8C           00871 LOOP    INCFSZ  COUNTER,F
0297   2A96           00872                 GOTO    LOOP
0298   0B8D           00873                 DECFSZ  COUNTER2,F
0299   2A96           00874                 GOTO    LOOP
029A   0008           00875                 RETURN
                      00876 
029B   3000           00877 PRINTDELAY      MOVLW   d'00'; SETTING UP 3.85MS DELAY
029C   008C           00878                         MOVWF   COUNTER 
029D   3005           00879                         MOVLW   d'5'
029E   008D           00880                         MOVWF   COUNTER2
                      00881 
029F   0F8C           00882 LOOP1   INCFSZ  COUNTER,F
02A0   2A9F           00883                 GOTO    LOOP1   
02A1   0B8D           00884                 DECFSZ  COUNTER2,F
02A2   2A9F           00885                 GOTO    LOOP1
02A3   0008           00886                 RETURN
                      00887 
02A4   30F9           00888 DEBOUNCE_DELAY  MOVLW   d'249'
02A5   0090           00889                                 MOVWF   DEBOUNCECOUNT
                      00890                         
02A6   0000           00891 DEBOUNCELOOP    NOP             
Message[305]: Using default destination of 1 (file).
02A7   0B90           00892                                 DECFSZ  DEBOUNCECOUNT
02A8   2AA6           00893                                 GOTO    DEBOUNCELOOP
02A9   0008           00894                                 RETURN
                      00895 
02AA   3000           00896 CLEARDISPLAY    MOVLW b'00000' ;initializing clear display
02AB   228C           00897                                 CALL ET
02AC   3001           00898                                 MOVLW b'00001' ;clear display
02AD   228C           00899                                 CALL ET
02AE   0008           00900                                 RETURN
                      00901 
02AF   3000           00902 SET_BLINKING    MOVLW   b'00000'        ;initializing display
02B0   228C           00903                                 CALL    ET                      
                      00904 
02B1   300F           00905                                 MOVLW   b'01111'        ;setting display to ON
02B2   228C           00906                                 CALL    ET
02B3   0008           00907                                 RETURN
                      00908 
02B4   3000           00909 CURSOR_MOVELEFT         MOVLW   b'00000';set cursor move position to the left
02B5   228C           00910                                         CALL    ET
02B6   3004           00911                                         MOVLW   b'00100'
02B7   228C           00912                                         CALL    ET
02B8   0008           00913                                         RETURN
                      00914 
02B9   3000           00915 CURSOR_MOVERIGHT        MOVLW   b'00000';set cursor move position to the left
02BA   228C           00916                                         CALL    ET
02BB   3006           00917                                         MOVLW   b'00110'
MPASM  5.35beta                       PROGRAM.ASM   4-23-2017  1:15:21         PAGE 19
Maze Solver

LOC  OBJECT CODE     LINE SOURCE TEXT
  VALUE

02BC   228C           00918                                         CALL    ET
02BD   0008           00919                                         RETURN
                      00920 ;---------------------------
                      00921 
                      00922 ;-----------------INDIRECT ADDRESSING---------------------
                      00923 
02BE   3014           00924 INDA            MOVLW   d'20'
02BF   0084           00925                                 MOVWF   FSR
02C0   300A           00926                                 MOVLW   d'10'
02C1   0091           00927                                 MOVWF   ADDRESSING_COUNTER
02C2   2AC7           00928                                 GOTO    LOOP1M
                      00929 
02C3   301E           00930 INDA1           MOVLW d'30'
02C4   0084           00931                                 MOVWF FSR
02C5   300A           00932                                 MOVLW d'10'
02C6   0091           00933                                 MOVWF ADDRESSING_COUNTER
                      00934 
02C7   1800           00935 LOOP1M          BTFSC INDF,0
02C8   2255           00936                                 CALL rectangle
                      00937                                 
02C9   1880           00938                                 BTFSC INDF,1
02CA   225A           00939                                 CALL empty
                      00940 
02CB   1900           00941                                 BTFSC INDF,2
02CC   2241           00942                                 CALL letterS
                      00943 
02CD   1980           00944                                 BTFSC INDF,3
02CE   2219           00945                                 CALL letterE
                      00946 
Message[305]: Using default destination of 1 (file).
02CF   0A84           00947                                 INCF FSR
Message[305]: Using default destination of 1 (file).
02D0   0B91           00948                                 DECFSZ ADDRESSING_COUNTER
                      00949 
02D1   2AC7           00950                                 GOTO  LOOP1M
02D2   0008           00951                                 RETURN
                      00952 
                      00953 
Warning[205]: Found directive in column 1. (END)
                      00954 END
MPASM  5.35beta                       PROGRAM.ASM   4-23-2017  1:15:21         PAGE 20
Maze Solver

SYMBOL TABLE
  LABEL                             VALUE 

ADDRESSING_COUNTER                00000011
ADJUST_NEXT_POSITION              000001BC
BUTTONPRESS                       000000F0
C                                 00000000
CANNOT_PLACE                      000001F8
CHECK_IF_DONE                     0000012E
CHOOSE_MODE                       00000102
CLEARDISPLAY                      000002AA
CONFIRM_BUTTON                    000000FD
COUNTER                           0000000C
COUNTER2                          0000000D
CURRENT_ADDRESS                   00000012
CURSOR_INCREMENT                  0000017B
CURSOR_MOVELEFT                   000002B4
CURSOR_MOVERIGHT                  000002B9
CURSOR_NEXTLINE                   0000018F
CURSOR_SWITCH_ROW                 0000019A
DC                                00000001
DEBOUNCECOUNT                     00000010
DEBOUNCELOOP                      000002A6
DEBOUNCE_DELAY                    000002A4
DECREMENT                         0000018C
DEFAULT_START                     00000055
EEADR                             00000009
EECON1                            00000088
EECON2                            00000089
EEDATA                            00000008
EEIE                              00000006
EEIF                              00000004
END_BUTTON                        0000011D
ET                                0000028C
F                                 00000001
FSR                               00000004
GIE                               00000007
INCREMENT                         00000189
INCREMENT_NEXT_POSITION           000001C1
INCREMENT_POINTER                 00000142
INDA                              000002BE
INDA1                             000002C3
INDF                              00000000
INTCON                            0000000B
INTE                              00000004
INTEDG                            00000006
INTF                              00000001
IRP                               00000007
LOOP                              00000296
LOOP1                             0000029F
LOOP1M                            000002C7
MAZE_START                        000000B7
MENU                              00000032
MENULOOP                          00000054
MOVE_BUTTON                       000000FA
MOVE_CURSOR_MAZE                  00000173
MPASM  5.35beta                       PROGRAM.ASM   4-23-2017  1:15:21         PAGE 21
Maze Solver

SYMBOL TABLE
  LABEL                             VALUE 

MOVE_CURSOR_OBSTACLE              00000176
NEWLINE                           00000287
NOT_PD                            00000003
NOT_RBPU                          00000007
NOT_TO                            00000004
OBSTACLE_COUNTER                  00000013
OBSTACLE_START                    00000083
OPTION_REG                        00000081
PCL                               00000002
PCLATH                            0000000A
PLACE_MAZEMODE                    000001C7
PLACE_MAZEMODE_RETURN             000001F6
PLACE_OBSTACLE                    000001F9
PLACE_OBSTACLECHOOSE              000001B3
PLACE_OBSTACLEMODE                000001B6
PLACE_OBS_MAZEMODE                000001CD
PORTA                             00000005
PORTB                             00000006
POSITION1                         0000014D
POSITION2                         00000159
POSITION3                         00000166
POWERUPDELAY                      00000292
PRINTDELAY                        0000029B
PS0                               00000000
PS1                               00000001
PS2                               00000002
PSA                               00000003
RBIE                              00000003
RBIF                              00000000
RD                                00000000
REMAINING_CASE1                   000001D8
REMAINING_CASE2                   000001DD
REMAINING_CASE3                   000001E2
REMAINING_CASE4                   000001E7
REMAINING_NUMBER                  00000032
RETTIMER3                         00000141
RETURN_TO_PREV_POSITION           000001EA
RETURN_TO_PROGRAM                 0000012C
RP0                               00000005
RP1                               00000006
S0                                00000107
S00CHECKS1                        00000146
S01CHECKS1                        0000014A
S1                                0000010B
SELECT                            0000000F
SET_BLINKING                      000002AF
SOLVE_MAZE                        000001FD
START                             00000008
START_BUTTON                      0000010E
STATUS                            00000003
SWITCH_DOWN                       0000019D
SWITCH_UP                         000001A8
T0CS                              00000005
MPASM  5.35beta                       PROGRAM.ASM   4-23-2017  1:15:21         PAGE 22
Maze Solver

SYMBOL TABLE
  LABEL                             VALUE 

T0IE                              00000005
T0IF                              00000002
T0SE                              00000004
TIMER3                            0000000E
TMR0                              00000001
TRISA                             00000085
TRISB                             00000086
W                                 00000000
WELCOME                           00000022
WR                                00000001
WREN                              00000002
WRERR                             00000003
Z                                 00000002
_CP_OFF                           00003FFF
_CP_ON                            0000000F
_HS_OSC                           00003FFE
_LP_OSC                           00003FFC
_PWRTE_OFF                        00003FFF
_PWRTE_ON                         00003FF7
_RC_OSC                           00003FFF
_WDT_OFF                          00003FFB
_WDT_ON                           00003FFF
_XT_OSC                           00003FFD
__16F84A                          00000001
__DEBUG                           1
at                                0000025F
charSp                            00000200
charStar                          00000250
comma                             00000264
empty                             0000025A
letterA                           00000223
letterB                           0000023C
letterC                           00000246
letterD                           00000214
letterE                           00000219
letterF                           0000021E
letterL                           0000022D
letterM                           0000020F
letterO                           00000237
letterR                           0000020A
letterS                           00000241
letterT                           00000232
letterU                           00000228
letterV                           00000205
letterZ                           0000024B
nb0                               00000269
nb1                               0000026E
nb2                               00000273
nb3                               00000278
nb4                               0000027D
nb5                               00000282
rectangle                         00000255
timerInterrupt                    00000137
MPASM  5.35beta                       PROGRAM.ASM   4-23-2017  1:15:21         PAGE 23
Maze Solver

MEMORY USAGE MAP ('X' = Used,  '-' = Unused)


0000 : X---XXXXXXXXXXXX XXXXXXXXXXXXXXXX XXXXXXXXXXXXXXXX XXXXXXXXXXXXXXXX
0040 : XXXXXXXXXXXXXXXX XXXXXXXXXXXXXXXX XXXXXXXXXXXXXXXX XXXXXXXXXXXXXXXX
0080 : XXXXXXXXXXXXXXXX XXXXXXXXXXXXXXXX XXXXXXXXXXXXXXXX XXXXXXXXXXXXXXXX
00C0 : XXXXXXXXXXXXXXXX XXXXXXXXXXXXXXXX XXXXXXXXXXXXXXXX XXXXXXXXXXXXXXXX
0100 : XXXXXXXXXXXXXXXX XXXXXXXXXXXXXXXX XXXXXXXXXXXXXXXX XXXXXXXXXXXXXXXX
0140 : XXXXXXXXXXXXXXXX XXXXXXXXXXXXXXXX XXXXXXXXXXXXXXXX XXXXXXXXXXXXXXXX
0180 : XXXXXXXXXXXXXXXX XXXXXXXXXXXXXXXX XXXXXXXXXXXXXXXX XXXXXXXXXXXXXXXX
01C0 : XXXXXXXXXXXXXXXX XXXXXXXXXXXXXXXX XXXXXXXXXXXXXXXX XXXXXXXXXXXXXXXX
0200 : XXXXXXXXXXXXXXXX XXXXXXXXXXXXXXXX XXXXXXXXXXXXXXXX XXXXXXXXXXXXXXXX
0240 : XXXXXXXXXXXXXXXX XXXXXXXXXXXXXXXX XXXXXXXXXXXXXXXX XXXXXXXXXXXXXXXX
0280 : XXXXXXXXXXXXXXXX XXXXXXXXXXXXXXXX XXXXXXXXXXXXXXXX XXXXXXXXXXXXXXXX
02C0 : XXXXXXXXXXXXXXXX XXX------------- ---------------- ----------------

All other memory blocks unused.

Program Memory Words Used:   720
Program Memory Words Free:   304


Errors   :     0
Warnings :     1 reported,     0 suppressed
Messages :    14 reported,     0 suppressed

