MPLINK 4.35, Linker
Linker Map File - Created Sun Apr 23 01:15:23 2017

                                 Section Info
                  Section       Type    Address   Location Size(Bytes)
                ---------  ---------  ---------  ---------  ---------
                   .org_0       code   0x000000    program   0x000000
                   .org_1       code   0x000000    program   0x000002
                   .org_2       code   0x000004    program   0x00059e



                              Program Memory Usage 
                               Start         End      
                           ---------   ---------      
                            0x000000    0x000000      
                            0x000004    0x0002d2      
            720 out of 1093 program addresses used, program memory utilization is 65%



                              Symbols - Sorted by Name
                     Name    Address   Location    Storage File                     
                ---------  ---------  ---------  --------- ---------                
     ADJUST_NEXT_POSITION   0x0001bc    program     static C:\Users\lrakl\Documents\AUB\EECE 321L\Maze Solver Project\AssemblyMazeSolver-master\program.asm
              BUTTONPRESS   0x0000f0    program     static C:\Users\lrakl\Documents\AUB\EECE 321L\Maze Solver Project\AssemblyMazeSolver-master\program.asm
             CANNOT_PLACE   0x0001f8    program     static C:\Users\lrakl\Documents\AUB\EECE 321L\Maze Solver Project\AssemblyMazeSolver-master\program.asm
            CHECK_IF_DONE   0x00012e    program     static C:\Users\lrakl\Documents\AUB\EECE 321L\Maze Solver Project\AssemblyMazeSolver-master\program.asm
              CHOOSE_MODE   0x000102    program     static C:\Users\lrakl\Documents\AUB\EECE 321L\Maze Solver Project\AssemblyMazeSolver-master\program.asm
             CLEARDISPLAY   0x0002aa    program     static C:\Users\lrakl\Documents\AUB\EECE 321L\Maze Solver Project\AssemblyMazeSolver-master\program.asm
           CONFIRM_BUTTON   0x0000fd    program     static C:\Users\lrakl\Documents\AUB\EECE 321L\Maze Solver Project\AssemblyMazeSolver-master\program.asm
         CURSOR_INCREMENT   0x00017b    program     static C:\Users\lrakl\Documents\AUB\EECE 321L\Maze Solver Project\AssemblyMazeSolver-master\program.asm
          CURSOR_MOVELEFT   0x0002b4    program     static C:\Users\lrakl\Documents\AUB\EECE 321L\Maze Solver Project\AssemblyMazeSolver-master\program.asm
         CURSOR_MOVERIGHT   0x0002b9    program     static C:\Users\lrakl\Documents\AUB\EECE 321L\Maze Solver Project\AssemblyMazeSolver-master\program.asm
          CURSOR_NEXTLINE   0x00018f    program     static C:\Users\lrakl\Documents\AUB\EECE 321L\Maze Solver Project\AssemblyMazeSolver-master\program.asm
        CURSOR_SWITCH_ROW   0x00019a    program     static C:\Users\lrakl\Documents\AUB\EECE 321L\Maze Solver Project\AssemblyMazeSolver-master\program.asm
             DEBOUNCELOOP   0x0002a6    program     static C:\Users\lrakl\Documents\AUB\EECE 321L\Maze Solver Project\AssemblyMazeSolver-master\program.asm
           DEBOUNCE_DELAY   0x0002a4    program     static C:\Users\lrakl\Documents\AUB\EECE 321L\Maze Solver Project\AssemblyMazeSolver-master\program.asm
                DECREMENT   0x00018c    program     static C:\Users\lrakl\Documents\AUB\EECE 321L\Maze Solver Project\AssemblyMazeSolver-master\program.asm
            DEFAULT_START   0x000055    program     static C:\Users\lrakl\Documents\AUB\EECE 321L\Maze Solver Project\AssemblyMazeSolver-master\program.asm
               END_BUTTON   0x00011d    program     static C:\Users\lrakl\Documents\AUB\EECE 321L\Maze Solver Project\AssemblyMazeSolver-master\program.asm
                       ET   0x00028c    program     static C:\Users\lrakl\Documents\AUB\EECE 321L\Maze Solver Project\AssemblyMazeSolver-master\program.asm
                INCREMENT   0x000189    program     static C:\Users\lrakl\Documents\AUB\EECE 321L\Maze Solver Project\AssemblyMazeSolver-master\program.asm
  INCREMENT_NEXT_POSITION   0x0001c1    program     static C:\Users\lrakl\Documents\AUB\EECE 321L\Maze Solver Project\AssemblyMazeSolver-master\program.asm
        INCREMENT_POINTER   0x000142    program     static C:\Users\lrakl\Documents\AUB\EECE 321L\Maze Solver Project\AssemblyMazeSolver-master\program.asm
                     INDA   0x0002be    program     static C:\Users\lrakl\Documents\AUB\EECE 321L\Maze Solver Project\AssemblyMazeSolver-master\program.asm
                    INDA1   0x0002c3    program     static C:\Users\lrakl\Documents\AUB\EECE 321L\Maze Solver Project\AssemblyMazeSolver-master\program.asm
                     LOOP   0x000296    program     static C:\Users\lrakl\Documents\AUB\EECE 321L\Maze Solver Project\AssemblyMazeSolver-master\program.asm
                    LOOP1   0x00029f    program     static C:\Users\lrakl\Documents\AUB\EECE 321L\Maze Solver Project\AssemblyMazeSolver-master\program.asm
                   LOOP1M   0x0002c7    program     static C:\Users\lrakl\Documents\AUB\EECE 321L\Maze Solver Project\AssemblyMazeSolver-master\program.asm
               MAZE_START   0x0000b7    program     static C:\Users\lrakl\Documents\AUB\EECE 321L\Maze Solver Project\AssemblyMazeSolver-master\program.asm
                     MENU   0x000032    program     static C:\Users\lrakl\Documents\AUB\EECE 321L\Maze Solver Project\AssemblyMazeSolver-master\program.asm
                 MENULOOP   0x000054    program     static C:\Users\lrakl\Documents\AUB\EECE 321L\Maze Solver Project\AssemblyMazeSolver-master\program.asm
              MOVE_BUTTON   0x0000fa    program     static C:\Users\lrakl\Documents\AUB\EECE 321L\Maze Solver Project\AssemblyMazeSolver-master\program.asm
         MOVE_CURSOR_MAZE   0x000173    program     static C:\Users\lrakl\Documents\AUB\EECE 321L\Maze Solver Project\AssemblyMazeSolver-master\program.asm
     MOVE_CURSOR_OBSTACLE   0x000176    program     static C:\Users\lrakl\Documents\AUB\EECE 321L\Maze Solver Project\AssemblyMazeSolver-master\program.asm
                  NEWLINE   0x000287    program     static C:\Users\lrakl\Documents\AUB\EECE 321L\Maze Solver Project\AssemblyMazeSolver-master\program.asm
           OBSTACLE_START   0x000083    program     static C:\Users\lrakl\Documents\AUB\EECE 321L\Maze Solver Project\AssemblyMazeSolver-master\program.asm
           PLACE_MAZEMODE   0x0001c7    program     static C:\Users\lrakl\Documents\AUB\EECE 321L\Maze Solver Project\AssemblyMazeSolver-master\program.asm
    PLACE_MAZEMODE_RETURN   0x0001f6    program     static C:\Users\lrakl\Documents\AUB\EECE 321L\Maze Solver Project\AssemblyMazeSolver-master\program.asm
           PLACE_OBSTACLE   0x0001f9    program     static C:\Users\lrakl\Documents\AUB\EECE 321L\Maze Solver Project\AssemblyMazeSolver-master\program.asm
     PLACE_OBSTACLECHOOSE   0x0001b3    program     static C:\Users\lrakl\Documents\AUB\EECE 321L\Maze Solver Project\AssemblyMazeSolver-master\program.asm
       PLACE_OBSTACLEMODE   0x0001b6    program     static C:\Users\lrakl\Documents\AUB\EECE 321L\Maze Solver Project\AssemblyMazeSolver-master\program.asm
       PLACE_OBS_MAZEMODE   0x0001cd    program     static C:\Users\lrakl\Documents\AUB\EECE 321L\Maze Solver Project\AssemblyMazeSolver-master\program.asm
                POSITION1   0x00014d    program     static C:\Users\lrakl\Documents\AUB\EECE 321L\Maze Solver Project\AssemblyMazeSolver-master\program.asm
                POSITION2   0x000159    program     static C:\Users\lrakl\Documents\AUB\EECE 321L\Maze Solver Project\AssemblyMazeSolver-master\program.asm
                POSITION3   0x000166    program     static C:\Users\lrakl\Documents\AUB\EECE 321L\Maze Solver Project\AssemblyMazeSolver-master\program.asm
             POWERUPDELAY   0x000292    program     static C:\Users\lrakl\Documents\AUB\EECE 321L\Maze Solver Project\AssemblyMazeSolver-master\program.asm
               PRINTDELAY   0x00029b    program     static C:\Users\lrakl\Documents\AUB\EECE 321L\Maze Solver Project\AssemblyMazeSolver-master\program.asm
          REMAINING_CASE1   0x0001d8    program     static C:\Users\lrakl\Documents\AUB\EECE 321L\Maze Solver Project\AssemblyMazeSolver-master\program.asm
          REMAINING_CASE2   0x0001dd    program     static C:\Users\lrakl\Documents\AUB\EECE 321L\Maze Solver Project\AssemblyMazeSolver-master\program.asm
          REMAINING_CASE3   0x0001e2    program     static C:\Users\lrakl\Documents\AUB\EECE 321L\Maze Solver Project\AssemblyMazeSolver-master\program.asm
          REMAINING_CASE4   0x0001e7    program     static C:\Users\lrakl\Documents\AUB\EECE 321L\Maze Solver Project\AssemblyMazeSolver-master\program.asm
                RETTIMER3   0x000141    program     static C:\Users\lrakl\Documents\AUB\EECE 321L\Maze Solver Project\AssemblyMazeSolver-master\program.asm
  RETURN_TO_PREV_POSITION   0x0001ea    program     static C:\Users\lrakl\Documents\AUB\EECE 321L\Maze Solver Project\AssemblyMazeSolver-master\program.asm
        RETURN_TO_PROGRAM   0x00012c    program     static C:\Users\lrakl\Documents\AUB\EECE 321L\Maze Solver Project\AssemblyMazeSolver-master\program.asm
                       S0   0x000107    program     static C:\Users\lrakl\Documents\AUB\EECE 321L\Maze Solver Project\AssemblyMazeSolver-master\program.asm
               S00CHECKS1   0x000146    program     static C:\Users\lrakl\Documents\AUB\EECE 321L\Maze Solver Project\AssemblyMazeSolver-master\program.asm
               S01CHECKS1   0x00014a    program     static C:\Users\lrakl\Documents\AUB\EECE 321L\Maze Solver Project\AssemblyMazeSolver-master\program.asm
                       S1   0x00010b    program     static C:\Users\lrakl\Documents\AUB\EECE 321L\Maze Solver Project\AssemblyMazeSolver-master\program.asm
             SET_BLINKING   0x0002af    program     static C:\Users\lrakl\Documents\AUB\EECE 321L\Maze Solver Project\AssemblyMazeSolver-master\program.asm
               SOLVE_MAZE   0x0001fd    program     static C:\Users\lrakl\Documents\AUB\EECE 321L\Maze Solver Project\AssemblyMazeSolver-master\program.asm
                    START   0x000008    program     static C:\Users\lrakl\Documents\AUB\EECE 321L\Maze Solver Project\AssemblyMazeSolver-master\program.asm
             START_BUTTON   0x00010e    program     static C:\Users\lrakl\Documents\AUB\EECE 321L\Maze Solver Project\AssemblyMazeSolver-master\program.asm
              SWITCH_DOWN   0x00019d    program     static C:\Users\lrakl\Documents\AUB\EECE 321L\Maze Solver Project\AssemblyMazeSolver-master\program.asm
                SWITCH_UP   0x0001a8    program     static C:\Users\lrakl\Documents\AUB\EECE 321L\Maze Solver Project\AssemblyMazeSolver-master\program.asm
                  WELCOME   0x000022    program     static C:\Users\lrakl\Documents\AUB\EECE 321L\Maze Solver Project\AssemblyMazeSolver-master\program.asm
                       at   0x00025f    program     static C:\Users\lrakl\Documents\AUB\EECE 321L\Maze Solver Project\AssemblyMazeSolver-master\program.asm
                   charSp   0x000200    program     static C:\Users\lrakl\Documents\AUB\EECE 321L\Maze Solver Project\AssemblyMazeSolver-master\program.asm
                 charStar   0x000250    program     static C:\Users\lrakl\Documents\AUB\EECE 321L\Maze Solver Project\AssemblyMazeSolver-master\program.asm
                    comma   0x000264    program     static C:\Users\lrakl\Documents\AUB\EECE 321L\Maze Solver Project\AssemblyMazeSolver-master\program.asm
                    empty   0x00025a    program     static C:\Users\lrakl\Documents\AUB\EECE 321L\Maze Solver Project\AssemblyMazeSolver-master\program.asm
                  letterA   0x000223    program     static C:\Users\lrakl\Documents\AUB\EECE 321L\Maze Solver Project\AssemblyMazeSolver-master\program.asm
                  letterB   0x00023c    program     static C:\Users\lrakl\Documents\AUB\EECE 321L\Maze Solver Project\AssemblyMazeSolver-master\program.asm
                  letterC   0x000246    program     static C:\Users\lrakl\Documents\AUB\EECE 321L\Maze Solver Project\AssemblyMazeSolver-master\program.asm
                  letterD   0x000214    program     static C:\Users\lrakl\Documents\AUB\EECE 321L\Maze Solver Project\AssemblyMazeSolver-master\program.asm
                  letterE   0x000219    program     static C:\Users\lrakl\Documents\AUB\EECE 321L\Maze Solver Project\AssemblyMazeSolver-master\program.asm
                  letterF   0x00021e    program     static C:\Users\lrakl\Documents\AUB\EECE 321L\Maze Solver Project\AssemblyMazeSolver-master\program.asm
                  letterL   0x00022d    program     static C:\Users\lrakl\Documents\AUB\EECE 321L\Maze Solver Project\AssemblyMazeSolver-master\program.asm
                  letterM   0x00020f    program     static C:\Users\lrakl\Documents\AUB\EECE 321L\Maze Solver Project\AssemblyMazeSolver-master\program.asm
                  letterO   0x000237    program     static C:\Users\lrakl\Documents\AUB\EECE 321L\Maze Solver Project\AssemblyMazeSolver-master\program.asm
                  letterR   0x00020a    program     static C:\Users\lrakl\Documents\AUB\EECE 321L\Maze Solver Project\AssemblyMazeSolver-master\program.asm
                  letterS   0x000241    program     static C:\Users\lrakl\Documents\AUB\EECE 321L\Maze Solver Project\AssemblyMazeSolver-master\program.asm
                  letterT   0x000232    program     static C:\Users\lrakl\Documents\AUB\EECE 321L\Maze Solver Project\AssemblyMazeSolver-master\program.asm
                  letterU   0x000228    program     static C:\Users\lrakl\Documents\AUB\EECE 321L\Maze Solver Project\AssemblyMazeSolver-master\program.asm
                  letterV   0x000205    program     static C:\Users\lrakl\Documents\AUB\EECE 321L\Maze Solver Project\AssemblyMazeSolver-master\program.asm
                  letterZ   0x00024b    program     static C:\Users\lrakl\Documents\AUB\EECE 321L\Maze Solver Project\AssemblyMazeSolver-master\program.asm
                      nb0   0x000269    program     static C:\Users\lrakl\Documents\AUB\EECE 321L\Maze Solver Project\AssemblyMazeSolver-master\program.asm
                      nb1   0x00026e    program     static C:\Users\lrakl\Documents\AUB\EECE 321L\Maze Solver Project\AssemblyMazeSolver-master\program.asm
                      nb2   0x000273    program     static C:\Users\lrakl\Documents\AUB\EECE 321L\Maze Solver Project\AssemblyMazeSolver-master\program.asm
                      nb3   0x000278    program     static C:\Users\lrakl\Documents\AUB\EECE 321L\Maze Solver Project\AssemblyMazeSolver-master\program.asm
                      nb4   0x00027d    program     static C:\Users\lrakl\Documents\AUB\EECE 321L\Maze Solver Project\AssemblyMazeSolver-master\program.asm
                      nb5   0x000282    program     static C:\Users\lrakl\Documents\AUB\EECE 321L\Maze Solver Project\AssemblyMazeSolver-master\program.asm
                rectangle   0x000255    program     static C:\Users\lrakl\Documents\AUB\EECE 321L\Maze Solver Project\AssemblyMazeSolver-master\program.asm
           timerInterrupt   0x000137    program     static C:\Users\lrakl\Documents\AUB\EECE 321L\Maze Solver Project\AssemblyMazeSolver-master\program.asm



                              Symbols - Sorted by Address
                     Name    Address   Location    Storage File                     
                ---------  ---------  ---------  --------- ---------                
                    START   0x000008    program     static C:\Users\lrakl\Documents\AUB\EECE 321L\Maze Solver Project\AssemblyMazeSolver-master\program.asm
                  WELCOME   0x000022    program     static C:\Users\lrakl\Documents\AUB\EECE 321L\Maze Solver Project\AssemblyMazeSolver-master\program.asm
                     MENU   0x000032    program     static C:\Users\lrakl\Documents\AUB\EECE 321L\Maze Solver Project\AssemblyMazeSolver-master\program.asm
                 MENULOOP   0x000054    program     static C:\Users\lrakl\Documents\AUB\EECE 321L\Maze Solver Project\AssemblyMazeSolver-master\program.asm
            DEFAULT_START   0x000055    program     static C:\Users\lrakl\Documents\AUB\EECE 321L\Maze Solver Project\AssemblyMazeSolver-master\program.asm
           OBSTACLE_START   0x000083    program     static C:\Users\lrakl\Documents\AUB\EECE 321L\Maze Solver Project\AssemblyMazeSolver-master\program.asm
               MAZE_START   0x0000b7    program     static C:\Users\lrakl\Documents\AUB\EECE 321L\Maze Solver Project\AssemblyMazeSolver-master\program.asm
              BUTTONPRESS   0x0000f0    program     static C:\Users\lrakl\Documents\AUB\EECE 321L\Maze Solver Project\AssemblyMazeSolver-master\program.asm
              MOVE_BUTTON   0x0000fa    program     static C:\Users\lrakl\Documents\AUB\EECE 321L\Maze Solver Project\AssemblyMazeSolver-master\program.asm
           CONFIRM_BUTTON   0x0000fd    program     static C:\Users\lrakl\Documents\AUB\EECE 321L\Maze Solver Project\AssemblyMazeSolver-master\program.asm
              CHOOSE_MODE   0x000102    program     static C:\Users\lrakl\Documents\AUB\EECE 321L\Maze Solver Project\AssemblyMazeSolver-master\program.asm
                       S0   0x000107    program     static C:\Users\lrakl\Documents\AUB\EECE 321L\Maze Solver Project\AssemblyMazeSolver-master\program.asm
                       S1   0x00010b    program     static C:\Users\lrakl\Documents\AUB\EECE 321L\Maze Solver Project\AssemblyMazeSolver-master\program.asm
             START_BUTTON   0x00010e    program     static C:\Users\lrakl\Documents\AUB\EECE 321L\Maze Solver Project\AssemblyMazeSolver-master\program.asm
               END_BUTTON   0x00011d    program     static C:\Users\lrakl\Documents\AUB\EECE 321L\Maze Solver Project\AssemblyMazeSolver-master\program.asm
        RETURN_TO_PROGRAM   0x00012c    program     static C:\Users\lrakl\Documents\AUB\EECE 321L\Maze Solver Project\AssemblyMazeSolver-master\program.asm
            CHECK_IF_DONE   0x00012e    program     static C:\Users\lrakl\Documents\AUB\EECE 321L\Maze Solver Project\AssemblyMazeSolver-master\program.asm
           timerInterrupt   0x000137    program     static C:\Users\lrakl\Documents\AUB\EECE 321L\Maze Solver Project\AssemblyMazeSolver-master\program.asm
                RETTIMER3   0x000141    program     static C:\Users\lrakl\Documents\AUB\EECE 321L\Maze Solver Project\AssemblyMazeSolver-master\program.asm
        INCREMENT_POINTER   0x000142    program     static C:\Users\lrakl\Documents\AUB\EECE 321L\Maze Solver Project\AssemblyMazeSolver-master\program.asm
               S00CHECKS1   0x000146    program     static C:\Users\lrakl\Documents\AUB\EECE 321L\Maze Solver Project\AssemblyMazeSolver-master\program.asm
               S01CHECKS1   0x00014a    program     static C:\Users\lrakl\Documents\AUB\EECE 321L\Maze Solver Project\AssemblyMazeSolver-master\program.asm
                POSITION1   0x00014d    program     static C:\Users\lrakl\Documents\AUB\EECE 321L\Maze Solver Project\AssemblyMazeSolver-master\program.asm
                POSITION2   0x000159    program     static C:\Users\lrakl\Documents\AUB\EECE 321L\Maze Solver Project\AssemblyMazeSolver-master\program.asm
                POSITION3   0x000166    program     static C:\Users\lrakl\Documents\AUB\EECE 321L\Maze Solver Project\AssemblyMazeSolver-master\program.asm
         MOVE_CURSOR_MAZE   0x000173    program     static C:\Users\lrakl\Documents\AUB\EECE 321L\Maze Solver Project\AssemblyMazeSolver-master\program.asm
     MOVE_CURSOR_OBSTACLE   0x000176    program     static C:\Users\lrakl\Documents\AUB\EECE 321L\Maze Solver Project\AssemblyMazeSolver-master\program.asm
         CURSOR_INCREMENT   0x00017b    program     static C:\Users\lrakl\Documents\AUB\EECE 321L\Maze Solver Project\AssemblyMazeSolver-master\program.asm
                INCREMENT   0x000189    program     static C:\Users\lrakl\Documents\AUB\EECE 321L\Maze Solver Project\AssemblyMazeSolver-master\program.asm
                DECREMENT   0x00018c    program     static C:\Users\lrakl\Documents\AUB\EECE 321L\Maze Solver Project\AssemblyMazeSolver-master\program.asm
          CURSOR_NEXTLINE   0x00018f    program     static C:\Users\lrakl\Documents\AUB\EECE 321L\Maze Solver Project\AssemblyMazeSolver-master\program.asm
        CURSOR_SWITCH_ROW   0x00019a    program     static C:\Users\lrakl\Documents\AUB\EECE 321L\Maze Solver Project\AssemblyMazeSolver-master\program.asm
              SWITCH_DOWN   0x00019d    program     static C:\Users\lrakl\Documents\AUB\EECE 321L\Maze Solver Project\AssemblyMazeSolver-master\program.asm
                SWITCH_UP   0x0001a8    program     static C:\Users\lrakl\Documents\AUB\EECE 321L\Maze Solver Project\AssemblyMazeSolver-master\program.asm
     PLACE_OBSTACLECHOOSE   0x0001b3    program     static C:\Users\lrakl\Documents\AUB\EECE 321L\Maze Solver Project\AssemblyMazeSolver-master\program.asm
       PLACE_OBSTACLEMODE   0x0001b6    program     static C:\Users\lrakl\Documents\AUB\EECE 321L\Maze Solver Project\AssemblyMazeSolver-master\program.asm
     ADJUST_NEXT_POSITION   0x0001bc    program     static C:\Users\lrakl\Documents\AUB\EECE 321L\Maze Solver Project\AssemblyMazeSolver-master\program.asm
  INCREMENT_NEXT_POSITION   0x0001c1    program     static C:\Users\lrakl\Documents\AUB\EECE 321L\Maze Solver Project\AssemblyMazeSolver-master\program.asm
           PLACE_MAZEMODE   0x0001c7    program     static C:\Users\lrakl\Documents\AUB\EECE 321L\Maze Solver Project\AssemblyMazeSolver-master\program.asm
       PLACE_OBS_MAZEMODE   0x0001cd    program     static C:\Users\lrakl\Documents\AUB\EECE 321L\Maze Solver Project\AssemblyMazeSolver-master\program.asm
          REMAINING_CASE1   0x0001d8    program     static C:\Users\lrakl\Documents\AUB\EECE 321L\Maze Solver Project\AssemblyMazeSolver-master\program.asm
          REMAINING_CASE2   0x0001dd    program     static C:\Users\lrakl\Documents\AUB\EECE 321L\Maze Solver Project\AssemblyMazeSolver-master\program.asm
          REMAINING_CASE3   0x0001e2    program     static C:\Users\lrakl\Documents\AUB\EECE 321L\Maze Solver Project\AssemblyMazeSolver-master\program.asm
          REMAINING_CASE4   0x0001e7    program     static C:\Users\lrakl\Documents\AUB\EECE 321L\Maze Solver Project\AssemblyMazeSolver-master\program.asm
  RETURN_TO_PREV_POSITION   0x0001ea    program     static C:\Users\lrakl\Documents\AUB\EECE 321L\Maze Solver Project\AssemblyMazeSolver-master\program.asm
    PLACE_MAZEMODE_RETURN   0x0001f6    program     static C:\Users\lrakl\Documents\AUB\EECE 321L\Maze Solver Project\AssemblyMazeSolver-master\program.asm
             CANNOT_PLACE   0x0001f8    program     static C:\Users\lrakl\Documents\AUB\EECE 321L\Maze Solver Project\AssemblyMazeSolver-master\program.asm
           PLACE_OBSTACLE   0x0001f9    program     static C:\Users\lrakl\Documents\AUB\EECE 321L\Maze Solver Project\AssemblyMazeSolver-master\program.asm
               SOLVE_MAZE   0x0001fd    program     static C:\Users\lrakl\Documents\AUB\EECE 321L\Maze Solver Project\AssemblyMazeSolver-master\program.asm
                   charSp   0x000200    program     static C:\Users\lrakl\Documents\AUB\EECE 321L\Maze Solver Project\AssemblyMazeSolver-master\program.asm
                  letterV   0x000205    program     static C:\Users\lrakl\Documents\AUB\EECE 321L\Maze Solver Project\AssemblyMazeSolver-master\program.asm
                  letterR   0x00020a    program     static C:\Users\lrakl\Documents\AUB\EECE 321L\Maze Solver Project\AssemblyMazeSolver-master\program.asm
                  letterM   0x00020f    program     static C:\Users\lrakl\Documents\AUB\EECE 321L\Maze Solver Project\AssemblyMazeSolver-master\program.asm
                  letterD   0x000214    program     static C:\Users\lrakl\Documents\AUB\EECE 321L\Maze Solver Project\AssemblyMazeSolver-master\program.asm
                  letterE   0x000219    program     static C:\Users\lrakl\Documents\AUB\EECE 321L\Maze Solver Project\AssemblyMazeSolver-master\program.asm
                  letterF   0x00021e    program     static C:\Users\lrakl\Documents\AUB\EECE 321L\Maze Solver Project\AssemblyMazeSolver-master\program.asm
                  letterA   0x000223    program     static C:\Users\lrakl\Documents\AUB\EECE 321L\Maze Solver Project\AssemblyMazeSolver-master\program.asm
                  letterU   0x000228    program     static C:\Users\lrakl\Documents\AUB\EECE 321L\Maze Solver Project\AssemblyMazeSolver-master\program.asm
                  letterL   0x00022d    program     static C:\Users\lrakl\Documents\AUB\EECE 321L\Maze Solver Project\AssemblyMazeSolver-master\program.asm
                  letterT   0x000232    program     static C:\Users\lrakl\Documents\AUB\EECE 321L\Maze Solver Project\AssemblyMazeSolver-master\program.asm
                  letterO   0x000237    program     static C:\Users\lrakl\Documents\AUB\EECE 321L\Maze Solver Project\AssemblyMazeSolver-master\program.asm
                  letterB   0x00023c    program     static C:\Users\lrakl\Documents\AUB\EECE 321L\Maze Solver Project\AssemblyMazeSolver-master\program.asm
                  letterS   0x000241    program     static C:\Users\lrakl\Documents\AUB\EECE 321L\Maze Solver Project\AssemblyMazeSolver-master\program.asm
                  letterC   0x000246    program     static C:\Users\lrakl\Documents\AUB\EECE 321L\Maze Solver Project\AssemblyMazeSolver-master\program.asm
                  letterZ   0x00024b    program     static C:\Users\lrakl\Documents\AUB\EECE 321L\Maze Solver Project\AssemblyMazeSolver-master\program.asm
                 charStar   0x000250    program     static C:\Users\lrakl\Documents\AUB\EECE 321L\Maze Solver Project\AssemblyMazeSolver-master\program.asm
                rectangle   0x000255    program     static C:\Users\lrakl\Documents\AUB\EECE 321L\Maze Solver Project\AssemblyMazeSolver-master\program.asm
                    empty   0x00025a    program     static C:\Users\lrakl\Documents\AUB\EECE 321L\Maze Solver Project\AssemblyMazeSolver-master\program.asm
                       at   0x00025f    program     static C:\Users\lrakl\Documents\AUB\EECE 321L\Maze Solver Project\AssemblyMazeSolver-master\program.asm
                    comma   0x000264    program     static C:\Users\lrakl\Documents\AUB\EECE 321L\Maze Solver Project\AssemblyMazeSolver-master\program.asm
                      nb0   0x000269    program     static C:\Users\lrakl\Documents\AUB\EECE 321L\Maze Solver Project\AssemblyMazeSolver-master\program.asm
                      nb1   0x00026e    program     static C:\Users\lrakl\Documents\AUB\EECE 321L\Maze Solver Project\AssemblyMazeSolver-master\program.asm
                      nb2   0x000273    program     static C:\Users\lrakl\Documents\AUB\EECE 321L\Maze Solver Project\AssemblyMazeSolver-master\program.asm
                      nb3   0x000278    program     static C:\Users\lrakl\Documents\AUB\EECE 321L\Maze Solver Project\AssemblyMazeSolver-master\program.asm
                      nb4   0x00027d    program     static C:\Users\lrakl\Documents\AUB\EECE 321L\Maze Solver Project\AssemblyMazeSolver-master\program.asm
                      nb5   0x000282    program     static C:\Users\lrakl\Documents\AUB\EECE 321L\Maze Solver Project\AssemblyMazeSolver-master\program.asm
                  NEWLINE   0x000287    program     static C:\Users\lrakl\Documents\AUB\EECE 321L\Maze Solver Project\AssemblyMazeSolver-master\program.asm
                       ET   0x00028c    program     static C:\Users\lrakl\Documents\AUB\EECE 321L\Maze Solver Project\AssemblyMazeSolver-master\program.asm
             POWERUPDELAY   0x000292    program     static C:\Users\lrakl\Documents\AUB\EECE 321L\Maze Solver Project\AssemblyMazeSolver-master\program.asm
                     LOOP   0x000296    program     static C:\Users\lrakl\Documents\AUB\EECE 321L\Maze Solver Project\AssemblyMazeSolver-master\program.asm
               PRINTDELAY   0x00029b    program     static C:\Users\lrakl\Documents\AUB\EECE 321L\Maze Solver Project\AssemblyMazeSolver-master\program.asm
                    LOOP1   0x00029f    program     static C:\Users\lrakl\Documents\AUB\EECE 321L\Maze Solver Project\AssemblyMazeSolver-master\program.asm
           DEBOUNCE_DELAY   0x0002a4    program     static C:\Users\lrakl\Documents\AUB\EECE 321L\Maze Solver Project\AssemblyMazeSolver-master\program.asm
             DEBOUNCELOOP   0x0002a6    program     static C:\Users\lrakl\Documents\AUB\EECE 321L\Maze Solver Project\AssemblyMazeSolver-master\program.asm
             CLEARDISPLAY   0x0002aa    program     static C:\Users\lrakl\Documents\AUB\EECE 321L\Maze Solver Project\AssemblyMazeSolver-master\program.asm
             SET_BLINKING   0x0002af    program     static C:\Users\lrakl\Documents\AUB\EECE 321L\Maze Solver Project\AssemblyMazeSolver-master\program.asm
          CURSOR_MOVELEFT   0x0002b4    program     static C:\Users\lrakl\Documents\AUB\EECE 321L\Maze Solver Project\AssemblyMazeSolver-master\program.asm
         CURSOR_MOVERIGHT   0x0002b9    program     static C:\Users\lrakl\Documents\AUB\EECE 321L\Maze Solver Project\AssemblyMazeSolver-master\program.asm
                     INDA   0x0002be    program     static C:\Users\lrakl\Documents\AUB\EECE 321L\Maze Solver Project\AssemblyMazeSolver-master\program.asm
                    INDA1   0x0002c3    program     static C:\Users\lrakl\Documents\AUB\EECE 321L\Maze Solver Project\AssemblyMazeSolver-master\program.asm
                   LOOP1M   0x0002c7    program     static C:\Users\lrakl\Documents\AUB\EECE 321L\Maze Solver Project\AssemblyMazeSolver-master\program.asm


