MPLINK 4.35, Linker
Linker Map File - Created Tue Apr 25 11:38:11 2017

                                 Section Info
                  Section       Type    Address   Location Size(Bytes)
                ---------  ---------  ---------  ---------  ---------
                   .org_0       code   0x000000    program   0x000000
                   .org_1       code   0x000000    program   0x000002
                   .org_2       code   0x000004    program   0x0007f0



                              Program Memory Usage 
                               Start         End      
                           ---------   ---------      
                            0x000000    0x000000      
                            0x000004    0x0003fb      
            1017 out of 1093 program addresses used, program memory utilization is 93%



                              Symbols - Sorted by Name
                     Name    Address   Location    Storage File                     
                ---------  ---------  ---------  --------- ---------                
     ADJUST_NEXT_POSITION   0x0001ad    program     static C:\Users\lrakl\Documents\AUB\EECE 321L\Maze Solver Project\AssemblyMazeSolver-master\program.asm
    BLOCK_CURRENTPOSITION   0x00027e    program     static C:\Users\lrakl\Documents\AUB\EECE 321L\Maze Solver Project\AssemblyMazeSolver-master\program.asm
              BUTTONPRESS   0x0000d4    program     static C:\Users\lrakl\Documents\AUB\EECE 321L\Maze Solver Project\AssemblyMazeSolver-master\program.asm
                BUZZ_LONG   0x0003b3    program     static C:\Users\lrakl\Documents\AUB\EECE 321L\Maze Solver Project\AssemblyMazeSolver-master\program.asm
               BUZZ_SHORT   0x0003b7    program     static C:\Users\lrakl\Documents\AUB\EECE 321L\Maze Solver Project\AssemblyMazeSolver-master\program.asm
             CANNOT_PLACE   0x0001e9    program     static C:\Users\lrakl\Documents\AUB\EECE 321L\Maze Solver Project\AssemblyMazeSolver-master\program.asm
               CHECK_DOWN   0x000250    program     static C:\Users\lrakl\Documents\AUB\EECE 321L\Maze Solver Project\AssemblyMazeSolver-master\program.asm
            CHECK_IF_DONE   0x000115    program     static C:\Users\lrakl\Documents\AUB\EECE 321L\Maze Solver Project\AssemblyMazeSolver-master\program.asm
         CHECK_INDF_PRINT   0x0002b6    program     static C:\Users\lrakl\Documents\AUB\EECE 321L\Maze Solver Project\AssemblyMazeSolver-master\program.asm
               CHECK_LEFT   0x000228    program     static C:\Users\lrakl\Documents\AUB\EECE 321L\Maze Solver Project\AssemblyMazeSolver-master\program.asm
              CHECK_RIGHT   0x000214    program     static C:\Users\lrakl\Documents\AUB\EECE 321L\Maze Solver Project\AssemblyMazeSolver-master\program.asm
                 CHECK_UP   0x00023c    program     static C:\Users\lrakl\Documents\AUB\EECE 321L\Maze Solver Project\AssemblyMazeSolver-master\program.asm
              CHOOSE_MODE   0x0000e6    program     static C:\Users\lrakl\Documents\AUB\EECE 321L\Maze Solver Project\AssemblyMazeSolver-master\program.asm
             CLEARDISPLAY   0x0003c5    program     static C:\Users\lrakl\Documents\AUB\EECE 321L\Maze Solver Project\AssemblyMazeSolver-master\program.asm
           CLEAR_BLINKING   0x0003cf    program     static C:\Users\lrakl\Documents\AUB\EECE 321L\Maze Solver Project\AssemblyMazeSolver-master\program.asm
          CLEAR_REGISTERS   0x0003de    program     static C:\Users\lrakl\Documents\AUB\EECE 321L\Maze Solver Project\AssemblyMazeSolver-master\program.asm
           CONFIRM_BUTTON   0x0000e1    program     static C:\Users\lrakl\Documents\AUB\EECE 321L\Maze Solver Project\AssemblyMazeSolver-master\program.asm
         CURSOR_INCREMENT   0x000169    program     static C:\Users\lrakl\Documents\AUB\EECE 321L\Maze Solver Project\AssemblyMazeSolver-master\program.asm
          CURSOR_MOVELEFT   0x0003d4    program     static C:\Users\lrakl\Documents\AUB\EECE 321L\Maze Solver Project\AssemblyMazeSolver-master\program.asm
         CURSOR_MOVERIGHT   0x0003d9    program     static C:\Users\lrakl\Documents\AUB\EECE 321L\Maze Solver Project\AssemblyMazeSolver-master\program.asm
          CURSOR_NEXTLINE   0x00017d    program     static C:\Users\lrakl\Documents\AUB\EECE 321L\Maze Solver Project\AssemblyMazeSolver-master\program.asm
        CURSOR_SWITCH_ROW   0x000188    program     static C:\Users\lrakl\Documents\AUB\EECE 321L\Maze Solver Project\AssemblyMazeSolver-master\program.asm
             DEBOUNCELOOP   0x0003c1    program     static C:\Users\lrakl\Documents\AUB\EECE 321L\Maze Solver Project\AssemblyMazeSolver-master\program.asm
           DEBOUNCE_DELAY   0x0003bf    program     static C:\Users\lrakl\Documents\AUB\EECE 321L\Maze Solver Project\AssemblyMazeSolver-master\program.asm
                DECREMENT   0x00017a    program     static C:\Users\lrakl\Documents\AUB\EECE 321L\Maze Solver Project\AssemblyMazeSolver-master\program.asm
            DEFAULT_START   0x000055    program     static C:\Users\lrakl\Documents\AUB\EECE 321L\Maze Solver Project\AssemblyMazeSolver-master\program.asm
               EMPTY_CASE   0x000292    program     static C:\Users\lrakl\Documents\AUB\EECE 321L\Maze Solver Project\AssemblyMazeSolver-master\program.asm
               END_BUTTON   0x000104    program     static C:\Users\lrakl\Documents\AUB\EECE 321L\Maze Solver Project\AssemblyMazeSolver-master\program.asm
                       ET   0x00038f    program     static C:\Users\lrakl\Documents\AUB\EECE 321L\Maze Solver Project\AssemblyMazeSolver-master\program.asm
                  GREATER   0x000204    program     static C:\Users\lrakl\Documents\AUB\EECE 321L\Maze Solver Project\AssemblyMazeSolver-master\program.asm
                INCREMENT   0x000177    program     static C:\Users\lrakl\Documents\AUB\EECE 321L\Maze Solver Project\AssemblyMazeSolver-master\program.asm
         INCREMENT_CURSOR   0x0002a1    program     static C:\Users\lrakl\Documents\AUB\EECE 321L\Maze Solver Project\AssemblyMazeSolver-master\program.asm
  INCREMENT_NEXT_POSITION   0x0001b2    program     static C:\Users\lrakl\Documents\AUB\EECE 321L\Maze Solver Project\AssemblyMazeSolver-master\program.asm
        INCREMENT_POINTER   0x00012c    program     static C:\Users\lrakl\Documents\AUB\EECE 321L\Maze Solver Project\AssemblyMazeSolver-master\program.asm
  INCREMENT_POSITION_DOWN   0x0002b2    program     static C:\Users\lrakl\Documents\AUB\EECE 321L\Maze Solver Project\AssemblyMazeSolver-master\program.asm
  INCREMENT_POSITION_LEFT   0x0002ab    program     static C:\Users\lrakl\Documents\AUB\EECE 321L\Maze Solver Project\AssemblyMazeSolver-master\program.asm
 INCREMENT_POSITION_RIGHT   0x0002a8    program     static C:\Users\lrakl\Documents\AUB\EECE 321L\Maze Solver Project\AssemblyMazeSolver-master\program.asm
    INCREMENT_POSITION_UP   0x0002ae    program     static C:\Users\lrakl\Documents\AUB\EECE 321L\Maze Solver Project\AssemblyMazeSolver-master\program.asm
                     INDA   0x0003e7    program     static C:\Users\lrakl\Documents\AUB\EECE 321L\Maze Solver Project\AssemblyMazeSolver-master\program.asm
                    INDA1   0x0003ec    program     static C:\Users\lrakl\Documents\AUB\EECE 321L\Maze Solver Project\AssemblyMazeSolver-master\program.asm
                INIT_MAZE   0x0001ef    program     static C:\Users\lrakl\Documents\AUB\EECE 321L\Maze Solver Project\AssemblyMazeSolver-master\program.asm
                LONGDELAY   0x000395    program     static C:\Users\lrakl\Documents\AUB\EECE 321L\Maze Solver Project\AssemblyMazeSolver-master\program.asm
             LONGER_DELAY   0x00039b    program     static C:\Users\lrakl\Documents\AUB\EECE 321L\Maze Solver Project\AssemblyMazeSolver-master\program.asm
                     LOOP   0x0003a5    program     static C:\Users\lrakl\Documents\AUB\EECE 321L\Maze Solver Project\AssemblyMazeSolver-master\program.asm
                    LOOP1   0x0003ae    program     static C:\Users\lrakl\Documents\AUB\EECE 321L\Maze Solver Project\AssemblyMazeSolver-master\program.asm
                   LOOP1M   0x0003f0    program     static C:\Users\lrakl\Documents\AUB\EECE 321L\Maze Solver Project\AssemblyMazeSolver-master\program.asm
                 LOOPLONG   0x000397    program     static C:\Users\lrakl\Documents\AUB\EECE 321L\Maze Solver Project\AssemblyMazeSolver-master\program.asm
                LOOPLONG2   0x00039d    program     static C:\Users\lrakl\Documents\AUB\EECE 321L\Maze Solver Project\AssemblyMazeSolver-master\program.asm
               MAZE_START   0x0000ac    program     static C:\Users\lrakl\Documents\AUB\EECE 321L\Maze Solver Project\AssemblyMazeSolver-master\program.asm
                     MENU   0x000032    program     static C:\Users\lrakl\Documents\AUB\EECE 321L\Maze Solver Project\AssemblyMazeSolver-master\program.asm
                 MENULOOP   0x000054    program     static C:\Users\lrakl\Documents\AUB\EECE 321L\Maze Solver Project\AssemblyMazeSolver-master\program.asm
              MOVE_BUTTON   0x0000de    program     static C:\Users\lrakl\Documents\AUB\EECE 321L\Maze Solver Project\AssemblyMazeSolver-master\program.asm
         MOVE_CURSOR_MAZE   0x00015d    program     static C:\Users\lrakl\Documents\AUB\EECE 321L\Maze Solver Project\AssemblyMazeSolver-master\program.asm
     MOVE_CURSOR_OBSTACLE   0x000162    program     static C:\Users\lrakl\Documents\AUB\EECE 321L\Maze Solver Project\AssemblyMazeSolver-master\program.asm
MOVE_CURSOR_TO_CURRENT_POSITION   0x0002bf    program     static C:\Users\lrakl\Documents\AUB\EECE 321L\Maze Solver Project\AssemblyMazeSolver-master\program.asm
           MOVE_FIRSTLINE   0x0002c7    program     static C:\Users\lrakl\Documents\AUB\EECE 321L\Maze Solver Project\AssemblyMazeSolver-master\program.asm
          MOVE_SECONDLINE   0x0002cd    program     static C:\Users\lrakl\Documents\AUB\EECE 321L\Maze Solver Project\AssemblyMazeSolver-master\program.asm
                  NEWLINE   0x00036e    program     static C:\Users\lrakl\Documents\AUB\EECE 321L\Maze Solver Project\AssemblyMazeSolver-master\program.asm
                     NEXT   0x000289    program     static C:\Users\lrakl\Documents\AUB\EECE 321L\Maze Solver Project\AssemblyMazeSolver-master\program.asm
                    NEXT2   0x0003e0    program     static C:\Users\lrakl\Documents\AUB\EECE 321L\Maze Solver Project\AssemblyMazeSolver-master\program.asm
                   NOPATH   0x000271    program     static C:\Users\lrakl\Documents\AUB\EECE 321L\Maze Solver Project\AssemblyMazeSolver-master\program.asm
           OBSTACLE_START   0x000086    program     static C:\Users\lrakl\Documents\AUB\EECE 321L\Maze Solver Project\AssemblyMazeSolver-master\program.asm
           PLACE_MAZEMODE   0x0001b8    program     static C:\Users\lrakl\Documents\AUB\EECE 321L\Maze Solver Project\AssemblyMazeSolver-master\program.asm
    PLACE_MAZEMODE_RETURN   0x0001e7    program     static C:\Users\lrakl\Documents\AUB\EECE 321L\Maze Solver Project\AssemblyMazeSolver-master\program.asm
           PLACE_OBSTACLE   0x0001eb    program     static C:\Users\lrakl\Documents\AUB\EECE 321L\Maze Solver Project\AssemblyMazeSolver-master\program.asm
     PLACE_OBSTACLECHOOSE   0x0001a1    program     static C:\Users\lrakl\Documents\AUB\EECE 321L\Maze Solver Project\AssemblyMazeSolver-master\program.asm
       PLACE_OBSTACLEMODE   0x0001a4    program     static C:\Users\lrakl\Documents\AUB\EECE 321L\Maze Solver Project\AssemblyMazeSolver-master\program.asm
       PLACE_OBS_MAZEMODE   0x0001be    program     static C:\Users\lrakl\Documents\AUB\EECE 321L\Maze Solver Project\AssemblyMazeSolver-master\program.asm
                POSITION1   0x000137    program     static C:\Users\lrakl\Documents\AUB\EECE 321L\Maze Solver Project\AssemblyMazeSolver-master\program.asm
                POSITION2   0x000143    program     static C:\Users\lrakl\Documents\AUB\EECE 321L\Maze Solver Project\AssemblyMazeSolver-master\program.asm
                POSITION3   0x000150    program     static C:\Users\lrakl\Documents\AUB\EECE 321L\Maze Solver Project\AssemblyMazeSolver-master\program.asm
             POWERUPDELAY   0x0003a1    program     static C:\Users\lrakl\Documents\AUB\EECE 321L\Maze Solver Project\AssemblyMazeSolver-master\program.asm
               PRINTDELAY   0x0003aa    program     static C:\Users\lrakl\Documents\AUB\EECE 321L\Maze Solver Project\AssemblyMazeSolver-master\program.asm
                PRINTPATH   0x000373    program     static C:\Users\lrakl\Documents\AUB\EECE 321L\Maze Solver Project\AssemblyMazeSolver-master\program.asm
         PRINT_ITERATIONS   0x00020f    program     static C:\Users\lrakl\Documents\AUB\EECE 321L\Maze Solver Project\AssemblyMazeSolver-master\program.asm
          REMAINING_CASE1   0x0001c9    program     static C:\Users\lrakl\Documents\AUB\EECE 321L\Maze Solver Project\AssemblyMazeSolver-master\program.asm
          REMAINING_CASE2   0x0001ce    program     static C:\Users\lrakl\Documents\AUB\EECE 321L\Maze Solver Project\AssemblyMazeSolver-master\program.asm
          REMAINING_CASE3   0x0001d3    program     static C:\Users\lrakl\Documents\AUB\EECE 321L\Maze Solver Project\AssemblyMazeSolver-master\program.asm
          REMAINING_CASE4   0x0001d8    program     static C:\Users\lrakl\Documents\AUB\EECE 321L\Maze Solver Project\AssemblyMazeSolver-master\program.asm
                RETTIMER3   0x00012b    program     static C:\Users\lrakl\Documents\AUB\EECE 321L\Maze Solver Project\AssemblyMazeSolver-master\program.asm
  RETURN_TO_PREV_POSITION   0x0001db    program     static C:\Users\lrakl\Documents\AUB\EECE 321L\Maze Solver Project\AssemblyMazeSolver-master\program.asm
        RETURN_TO_PROGRAM   0x000113    program     static C:\Users\lrakl\Documents\AUB\EECE 321L\Maze Solver Project\AssemblyMazeSolver-master\program.asm
                     ROW1   0x00025a    program     static C:\Users\lrakl\Documents\AUB\EECE 321L\Maze Solver Project\AssemblyMazeSolver-master\program.asm
                     ROW2   0x000246    program     static C:\Users\lrakl\Documents\AUB\EECE 321L\Maze Solver Project\AssemblyMazeSolver-master\program.asm
                       S0   0x0000eb    program     static C:\Users\lrakl\Documents\AUB\EECE 321L\Maze Solver Project\AssemblyMazeSolver-master\program.asm
               S00CHECKS1   0x000130    program     static C:\Users\lrakl\Documents\AUB\EECE 321L\Maze Solver Project\AssemblyMazeSolver-master\program.asm
               S01CHECKS1   0x000134    program     static C:\Users\lrakl\Documents\AUB\EECE 321L\Maze Solver Project\AssemblyMazeSolver-master\program.asm
                       S1   0x0000ef    program     static C:\Users\lrakl\Documents\AUB\EECE 321L\Maze Solver Project\AssemblyMazeSolver-master\program.asm
               SBUZZDELAY   0x0003ba    program     static C:\Users\lrakl\Documents\AUB\EECE 321L\Maze Solver Project\AssemblyMazeSolver-master\program.asm
             SET_BLINKING   0x0003ca    program     static C:\Users\lrakl\Documents\AUB\EECE 321L\Maze Solver Project\AssemblyMazeSolver-master\program.asm
      SET_EMPTY_REGISTERS   0x00037c    program     static C:\Users\lrakl\Documents\AUB\EECE 321L\Maze Solver Project\AssemblyMazeSolver-master\program.asm
                  SMALLER   0x00020a    program     static C:\Users\lrakl\Documents\AUB\EECE 321L\Maze Solver Project\AssemblyMazeSolver-master\program.asm
                   SOLVED   0x000264    program     static C:\Users\lrakl\Documents\AUB\EECE 321L\Maze Solver Project\AssemblyMazeSolver-master\program.asm
               SOLVE_MAZE   0x000211    program     static C:\Users\lrakl\Documents\AUB\EECE 321L\Maze Solver Project\AssemblyMazeSolver-master\program.asm
                    START   0x000008    program     static C:\Users\lrakl\Documents\AUB\EECE 321L\Maze Solver Project\AssemblyMazeSolver-master\program.asm
             START_BUTTON   0x0000f2    program     static C:\Users\lrakl\Documents\AUB\EECE 321L\Maze Solver Project\AssemblyMazeSolver-master\program.asm
              SWITCH_DOWN   0x00018b    program     static C:\Users\lrakl\Documents\AUB\EECE 321L\Maze Solver Project\AssemblyMazeSolver-master\program.asm
                SWITCH_UP   0x000196    program     static C:\Users\lrakl\Documents\AUB\EECE 321L\Maze Solver Project\AssemblyMazeSolver-master\program.asm
                  WELCOME   0x000022    program     static C:\Users\lrakl\Documents\AUB\EECE 321L\Maze Solver Project\AssemblyMazeSolver-master\program.asm
                       at   0x000346    program     static C:\Users\lrakl\Documents\AUB\EECE 321L\Maze Solver Project\AssemblyMazeSolver-master\program.asm
                   charSp   0x0002d3    program     static C:\Users\lrakl\Documents\AUB\EECE 321L\Maze Solver Project\AssemblyMazeSolver-master\program.asm
                 charStar   0x000337    program     static C:\Users\lrakl\Documents\AUB\EECE 321L\Maze Solver Project\AssemblyMazeSolver-master\program.asm
                    comma   0x00034b    program     static C:\Users\lrakl\Documents\AUB\EECE 321L\Maze Solver Project\AssemblyMazeSolver-master\program.asm
                    empty   0x000341    program     static C:\Users\lrakl\Documents\AUB\EECE 321L\Maze Solver Project\AssemblyMazeSolver-master\program.asm
                  letterA   0x0002f6    program     static C:\Users\lrakl\Documents\AUB\EECE 321L\Maze Solver Project\AssemblyMazeSolver-master\program.asm
                  letterB   0x000319    program     static C:\Users\lrakl\Documents\AUB\EECE 321L\Maze Solver Project\AssemblyMazeSolver-master\program.asm
                  letterC   0x000323    program     static C:\Users\lrakl\Documents\AUB\EECE 321L\Maze Solver Project\AssemblyMazeSolver-master\program.asm
                  letterD   0x0002e7    program     static C:\Users\lrakl\Documents\AUB\EECE 321L\Maze Solver Project\AssemblyMazeSolver-master\program.asm
                  letterE   0x0002ec    program     static C:\Users\lrakl\Documents\AUB\EECE 321L\Maze Solver Project\AssemblyMazeSolver-master\program.asm
                  letterF   0x0002f1    program     static C:\Users\lrakl\Documents\AUB\EECE 321L\Maze Solver Project\AssemblyMazeSolver-master\program.asm
                  letterH   0x00030a    program     static C:\Users\lrakl\Documents\AUB\EECE 321L\Maze Solver Project\AssemblyMazeSolver-master\program.asm
                  letterI   0x000332    program     static C:\Users\lrakl\Documents\AUB\EECE 321L\Maze Solver Project\AssemblyMazeSolver-master\program.asm
                  letterL   0x000300    program     static C:\Users\lrakl\Documents\AUB\EECE 321L\Maze Solver Project\AssemblyMazeSolver-master\program.asm
                  letterM   0x0002e2    program     static C:\Users\lrakl\Documents\AUB\EECE 321L\Maze Solver Project\AssemblyMazeSolver-master\program.asm
                  letterO   0x00030f    program     static C:\Users\lrakl\Documents\AUB\EECE 321L\Maze Solver Project\AssemblyMazeSolver-master\program.asm
                  letterP   0x000314    program     static C:\Users\lrakl\Documents\AUB\EECE 321L\Maze Solver Project\AssemblyMazeSolver-master\program.asm
                  letterR   0x0002dd    program     static C:\Users\lrakl\Documents\AUB\EECE 321L\Maze Solver Project\AssemblyMazeSolver-master\program.asm
                  letterS   0x00031e    program     static C:\Users\lrakl\Documents\AUB\EECE 321L\Maze Solver Project\AssemblyMazeSolver-master\program.asm
                  letterT   0x000305    program     static C:\Users\lrakl\Documents\AUB\EECE 321L\Maze Solver Project\AssemblyMazeSolver-master\program.asm
                  letterU   0x0002fb    program     static C:\Users\lrakl\Documents\AUB\EECE 321L\Maze Solver Project\AssemblyMazeSolver-master\program.asm
                  letterV   0x0002d8    program     static C:\Users\lrakl\Documents\AUB\EECE 321L\Maze Solver Project\AssemblyMazeSolver-master\program.asm
                  letterX   0x00032d    program     static C:\Users\lrakl\Documents\AUB\EECE 321L\Maze Solver Project\AssemblyMazeSolver-master\program.asm
                  letterZ   0x000328    program     static C:\Users\lrakl\Documents\AUB\EECE 321L\Maze Solver Project\AssemblyMazeSolver-master\program.asm
                      nb0   0x000350    program     static C:\Users\lrakl\Documents\AUB\EECE 321L\Maze Solver Project\AssemblyMazeSolver-master\program.asm
                      nb1   0x000355    program     static C:\Users\lrakl\Documents\AUB\EECE 321L\Maze Solver Project\AssemblyMazeSolver-master\program.asm
                      nb2   0x00035a    program     static C:\Users\lrakl\Documents\AUB\EECE 321L\Maze Solver Project\AssemblyMazeSolver-master\program.asm
                      nb3   0x00035f    program     static C:\Users\lrakl\Documents\AUB\EECE 321L\Maze Solver Project\AssemblyMazeSolver-master\program.asm
                      nb4   0x000364    program     static C:\Users\lrakl\Documents\AUB\EECE 321L\Maze Solver Project\AssemblyMazeSolver-master\program.asm
                      nb5   0x000369    program     static C:\Users\lrakl\Documents\AUB\EECE 321L\Maze Solver Project\AssemblyMazeSolver-master\program.asm
                rectangle   0x00033c    program     static C:\Users\lrakl\Documents\AUB\EECE 321L\Maze Solver Project\AssemblyMazeSolver-master\program.asm
           timerInterrupt   0x000121    program     static C:\Users\lrakl\Documents\AUB\EECE 321L\Maze Solver Project\AssemblyMazeSolver-master\program.asm



                              Symbols - Sorted by Address
                     Name    Address   Location    Storage File                     
                ---------  ---------  ---------  --------- ---------                
                    START   0x000008    program     static C:\Users\lrakl\Documents\AUB\EECE 321L\Maze Solver Project\AssemblyMazeSolver-master\program.asm
                  WELCOME   0x000022    program     static C:\Users\lrakl\Documents\AUB\EECE 321L\Maze Solver Project\AssemblyMazeSolver-master\program.asm
                     MENU   0x000032    program     static C:\Users\lrakl\Documents\AUB\EECE 321L\Maze Solver Project\AssemblyMazeSolver-master\program.asm
                 MENULOOP   0x000054    program     static C:\Users\lrakl\Documents\AUB\EECE 321L\Maze Solver Project\AssemblyMazeSolver-master\program.asm
            DEFAULT_START   0x000055    program     static C:\Users\lrakl\Documents\AUB\EECE 321L\Maze Solver Project\AssemblyMazeSolver-master\program.asm
           OBSTACLE_START   0x000086    program     static C:\Users\lrakl\Documents\AUB\EECE 321L\Maze Solver Project\AssemblyMazeSolver-master\program.asm
               MAZE_START   0x0000ac    program     static C:\Users\lrakl\Documents\AUB\EECE 321L\Maze Solver Project\AssemblyMazeSolver-master\program.asm
              BUTTONPRESS   0x0000d4    program     static C:\Users\lrakl\Documents\AUB\EECE 321L\Maze Solver Project\AssemblyMazeSolver-master\program.asm
              MOVE_BUTTON   0x0000de    program     static C:\Users\lrakl\Documents\AUB\EECE 321L\Maze Solver Project\AssemblyMazeSolver-master\program.asm
           CONFIRM_BUTTON   0x0000e1    program     static C:\Users\lrakl\Documents\AUB\EECE 321L\Maze Solver Project\AssemblyMazeSolver-master\program.asm
              CHOOSE_MODE   0x0000e6    program     static C:\Users\lrakl\Documents\AUB\EECE 321L\Maze Solver Project\AssemblyMazeSolver-master\program.asm
                       S0   0x0000eb    program     static C:\Users\lrakl\Documents\AUB\EECE 321L\Maze Solver Project\AssemblyMazeSolver-master\program.asm
                       S1   0x0000ef    program     static C:\Users\lrakl\Documents\AUB\EECE 321L\Maze Solver Project\AssemblyMazeSolver-master\program.asm
             START_BUTTON   0x0000f2    program     static C:\Users\lrakl\Documents\AUB\EECE 321L\Maze Solver Project\AssemblyMazeSolver-master\program.asm
               END_BUTTON   0x000104    program     static C:\Users\lrakl\Documents\AUB\EECE 321L\Maze Solver Project\AssemblyMazeSolver-master\program.asm
        RETURN_TO_PROGRAM   0x000113    program     static C:\Users\lrakl\Documents\AUB\EECE 321L\Maze Solver Project\AssemblyMazeSolver-master\program.asm
            CHECK_IF_DONE   0x000115    program     static C:\Users\lrakl\Documents\AUB\EECE 321L\Maze Solver Project\AssemblyMazeSolver-master\program.asm
           timerInterrupt   0x000121    program     static C:\Users\lrakl\Documents\AUB\EECE 321L\Maze Solver Project\AssemblyMazeSolver-master\program.asm
                RETTIMER3   0x00012b    program     static C:\Users\lrakl\Documents\AUB\EECE 321L\Maze Solver Project\AssemblyMazeSolver-master\program.asm
        INCREMENT_POINTER   0x00012c    program     static C:\Users\lrakl\Documents\AUB\EECE 321L\Maze Solver Project\AssemblyMazeSolver-master\program.asm
               S00CHECKS1   0x000130    program     static C:\Users\lrakl\Documents\AUB\EECE 321L\Maze Solver Project\AssemblyMazeSolver-master\program.asm
               S01CHECKS1   0x000134    program     static C:\Users\lrakl\Documents\AUB\EECE 321L\Maze Solver Project\AssemblyMazeSolver-master\program.asm
                POSITION1   0x000137    program     static C:\Users\lrakl\Documents\AUB\EECE 321L\Maze Solver Project\AssemblyMazeSolver-master\program.asm
                POSITION2   0x000143    program     static C:\Users\lrakl\Documents\AUB\EECE 321L\Maze Solver Project\AssemblyMazeSolver-master\program.asm
                POSITION3   0x000150    program     static C:\Users\lrakl\Documents\AUB\EECE 321L\Maze Solver Project\AssemblyMazeSolver-master\program.asm
         MOVE_CURSOR_MAZE   0x00015d    program     static C:\Users\lrakl\Documents\AUB\EECE 321L\Maze Solver Project\AssemblyMazeSolver-master\program.asm
     MOVE_CURSOR_OBSTACLE   0x000162    program     static C:\Users\lrakl\Documents\AUB\EECE 321L\Maze Solver Project\AssemblyMazeSolver-master\program.asm
         CURSOR_INCREMENT   0x000169    program     static C:\Users\lrakl\Documents\AUB\EECE 321L\Maze Solver Project\AssemblyMazeSolver-master\program.asm
                INCREMENT   0x000177    program     static C:\Users\lrakl\Documents\AUB\EECE 321L\Maze Solver Project\AssemblyMazeSolver-master\program.asm
                DECREMENT   0x00017a    program     static C:\Users\lrakl\Documents\AUB\EECE 321L\Maze Solver Project\AssemblyMazeSolver-master\program.asm
          CURSOR_NEXTLINE   0x00017d    program     static C:\Users\lrakl\Documents\AUB\EECE 321L\Maze Solver Project\AssemblyMazeSolver-master\program.asm
        CURSOR_SWITCH_ROW   0x000188    program     static C:\Users\lrakl\Documents\AUB\EECE 321L\Maze Solver Project\AssemblyMazeSolver-master\program.asm
              SWITCH_DOWN   0x00018b    program     static C:\Users\lrakl\Documents\AUB\EECE 321L\Maze Solver Project\AssemblyMazeSolver-master\program.asm
                SWITCH_UP   0x000196    program     static C:\Users\lrakl\Documents\AUB\EECE 321L\Maze Solver Project\AssemblyMazeSolver-master\program.asm
     PLACE_OBSTACLECHOOSE   0x0001a1    program     static C:\Users\lrakl\Documents\AUB\EECE 321L\Maze Solver Project\AssemblyMazeSolver-master\program.asm
       PLACE_OBSTACLEMODE   0x0001a4    program     static C:\Users\lrakl\Documents\AUB\EECE 321L\Maze Solver Project\AssemblyMazeSolver-master\program.asm
     ADJUST_NEXT_POSITION   0x0001ad    program     static C:\Users\lrakl\Documents\AUB\EECE 321L\Maze Solver Project\AssemblyMazeSolver-master\program.asm
  INCREMENT_NEXT_POSITION   0x0001b2    program     static C:\Users\lrakl\Documents\AUB\EECE 321L\Maze Solver Project\AssemblyMazeSolver-master\program.asm
           PLACE_MAZEMODE   0x0001b8    program     static C:\Users\lrakl\Documents\AUB\EECE 321L\Maze Solver Project\AssemblyMazeSolver-master\program.asm
       PLACE_OBS_MAZEMODE   0x0001be    program     static C:\Users\lrakl\Documents\AUB\EECE 321L\Maze Solver Project\AssemblyMazeSolver-master\program.asm
          REMAINING_CASE1   0x0001c9    program     static C:\Users\lrakl\Documents\AUB\EECE 321L\Maze Solver Project\AssemblyMazeSolver-master\program.asm
          REMAINING_CASE2   0x0001ce    program     static C:\Users\lrakl\Documents\AUB\EECE 321L\Maze Solver Project\AssemblyMazeSolver-master\program.asm
          REMAINING_CASE3   0x0001d3    program     static C:\Users\lrakl\Documents\AUB\EECE 321L\Maze Solver Project\AssemblyMazeSolver-master\program.asm
          REMAINING_CASE4   0x0001d8    program     static C:\Users\lrakl\Documents\AUB\EECE 321L\Maze Solver Project\AssemblyMazeSolver-master\program.asm
  RETURN_TO_PREV_POSITION   0x0001db    program     static C:\Users\lrakl\Documents\AUB\EECE 321L\Maze Solver Project\AssemblyMazeSolver-master\program.asm
    PLACE_MAZEMODE_RETURN   0x0001e7    program     static C:\Users\lrakl\Documents\AUB\EECE 321L\Maze Solver Project\AssemblyMazeSolver-master\program.asm
             CANNOT_PLACE   0x0001e9    program     static C:\Users\lrakl\Documents\AUB\EECE 321L\Maze Solver Project\AssemblyMazeSolver-master\program.asm
           PLACE_OBSTACLE   0x0001eb    program     static C:\Users\lrakl\Documents\AUB\EECE 321L\Maze Solver Project\AssemblyMazeSolver-master\program.asm
                INIT_MAZE   0x0001ef    program     static C:\Users\lrakl\Documents\AUB\EECE 321L\Maze Solver Project\AssemblyMazeSolver-master\program.asm
                  GREATER   0x000204    program     static C:\Users\lrakl\Documents\AUB\EECE 321L\Maze Solver Project\AssemblyMazeSolver-master\program.asm
                  SMALLER   0x00020a    program     static C:\Users\lrakl\Documents\AUB\EECE 321L\Maze Solver Project\AssemblyMazeSolver-master\program.asm
         PRINT_ITERATIONS   0x00020f    program     static C:\Users\lrakl\Documents\AUB\EECE 321L\Maze Solver Project\AssemblyMazeSolver-master\program.asm
               SOLVE_MAZE   0x000211    program     static C:\Users\lrakl\Documents\AUB\EECE 321L\Maze Solver Project\AssemblyMazeSolver-master\program.asm
              CHECK_RIGHT   0x000214    program     static C:\Users\lrakl\Documents\AUB\EECE 321L\Maze Solver Project\AssemblyMazeSolver-master\program.asm
               CHECK_LEFT   0x000228    program     static C:\Users\lrakl\Documents\AUB\EECE 321L\Maze Solver Project\AssemblyMazeSolver-master\program.asm
                 CHECK_UP   0x00023c    program     static C:\Users\lrakl\Documents\AUB\EECE 321L\Maze Solver Project\AssemblyMazeSolver-master\program.asm
                     ROW2   0x000246    program     static C:\Users\lrakl\Documents\AUB\EECE 321L\Maze Solver Project\AssemblyMazeSolver-master\program.asm
               CHECK_DOWN   0x000250    program     static C:\Users\lrakl\Documents\AUB\EECE 321L\Maze Solver Project\AssemblyMazeSolver-master\program.asm
                     ROW1   0x00025a    program     static C:\Users\lrakl\Documents\AUB\EECE 321L\Maze Solver Project\AssemblyMazeSolver-master\program.asm
                   SOLVED   0x000264    program     static C:\Users\lrakl\Documents\AUB\EECE 321L\Maze Solver Project\AssemblyMazeSolver-master\program.asm
                   NOPATH   0x000271    program     static C:\Users\lrakl\Documents\AUB\EECE 321L\Maze Solver Project\AssemblyMazeSolver-master\program.asm
    BLOCK_CURRENTPOSITION   0x00027e    program     static C:\Users\lrakl\Documents\AUB\EECE 321L\Maze Solver Project\AssemblyMazeSolver-master\program.asm
                     NEXT   0x000289    program     static C:\Users\lrakl\Documents\AUB\EECE 321L\Maze Solver Project\AssemblyMazeSolver-master\program.asm
               EMPTY_CASE   0x000292    program     static C:\Users\lrakl\Documents\AUB\EECE 321L\Maze Solver Project\AssemblyMazeSolver-master\program.asm
         INCREMENT_CURSOR   0x0002a1    program     static C:\Users\lrakl\Documents\AUB\EECE 321L\Maze Solver Project\AssemblyMazeSolver-master\program.asm
 INCREMENT_POSITION_RIGHT   0x0002a8    program     static C:\Users\lrakl\Documents\AUB\EECE 321L\Maze Solver Project\AssemblyMazeSolver-master\program.asm
  INCREMENT_POSITION_LEFT   0x0002ab    program     static C:\Users\lrakl\Documents\AUB\EECE 321L\Maze Solver Project\AssemblyMazeSolver-master\program.asm
    INCREMENT_POSITION_UP   0x0002ae    program     static C:\Users\lrakl\Documents\AUB\EECE 321L\Maze Solver Project\AssemblyMazeSolver-master\program.asm
  INCREMENT_POSITION_DOWN   0x0002b2    program     static C:\Users\lrakl\Documents\AUB\EECE 321L\Maze Solver Project\AssemblyMazeSolver-master\program.asm
         CHECK_INDF_PRINT   0x0002b6    program     static C:\Users\lrakl\Documents\AUB\EECE 321L\Maze Solver Project\AssemblyMazeSolver-master\program.asm
MOVE_CURSOR_TO_CURRENT_POSITION   0x0002bf    program     static C:\Users\lrakl\Documents\AUB\EECE 321L\Maze Solver Project\AssemblyMazeSolver-master\program.asm
           MOVE_FIRSTLINE   0x0002c7    program     static C:\Users\lrakl\Documents\AUB\EECE 321L\Maze Solver Project\AssemblyMazeSolver-master\program.asm
          MOVE_SECONDLINE   0x0002cd    program     static C:\Users\lrakl\Documents\AUB\EECE 321L\Maze Solver Project\AssemblyMazeSolver-master\program.asm
                   charSp   0x0002d3    program     static C:\Users\lrakl\Documents\AUB\EECE 321L\Maze Solver Project\AssemblyMazeSolver-master\program.asm
                  letterV   0x0002d8    program     static C:\Users\lrakl\Documents\AUB\EECE 321L\Maze Solver Project\AssemblyMazeSolver-master\program.asm
                  letterR   0x0002dd    program     static C:\Users\lrakl\Documents\AUB\EECE 321L\Maze Solver Project\AssemblyMazeSolver-master\program.asm
                  letterM   0x0002e2    program     static C:\Users\lrakl\Documents\AUB\EECE 321L\Maze Solver Project\AssemblyMazeSolver-master\program.asm
                  letterD   0x0002e7    program     static C:\Users\lrakl\Documents\AUB\EECE 321L\Maze Solver Project\AssemblyMazeSolver-master\program.asm
                  letterE   0x0002ec    program     static C:\Users\lrakl\Documents\AUB\EECE 321L\Maze Solver Project\AssemblyMazeSolver-master\program.asm
                  letterF   0x0002f1    program     static C:\Users\lrakl\Documents\AUB\EECE 321L\Maze Solver Project\AssemblyMazeSolver-master\program.asm
                  letterA   0x0002f6    program     static C:\Users\lrakl\Documents\AUB\EECE 321L\Maze Solver Project\AssemblyMazeSolver-master\program.asm
                  letterU   0x0002fb    program     static C:\Users\lrakl\Documents\AUB\EECE 321L\Maze Solver Project\AssemblyMazeSolver-master\program.asm
                  letterL   0x000300    program     static C:\Users\lrakl\Documents\AUB\EECE 321L\Maze Solver Project\AssemblyMazeSolver-master\program.asm
                  letterT   0x000305    program     static C:\Users\lrakl\Documents\AUB\EECE 321L\Maze Solver Project\AssemblyMazeSolver-master\program.asm
                  letterH   0x00030a    program     static C:\Users\lrakl\Documents\AUB\EECE 321L\Maze Solver Project\AssemblyMazeSolver-master\program.asm
                  letterO   0x00030f    program     static C:\Users\lrakl\Documents\AUB\EECE 321L\Maze Solver Project\AssemblyMazeSolver-master\program.asm
                  letterP   0x000314    program     static C:\Users\lrakl\Documents\AUB\EECE 321L\Maze Solver Project\AssemblyMazeSolver-master\program.asm
                  letterB   0x000319    program     static C:\Users\lrakl\Documents\AUB\EECE 321L\Maze Solver Project\AssemblyMazeSolver-master\program.asm
                  letterS   0x00031e    program     static C:\Users\lrakl\Documents\AUB\EECE 321L\Maze Solver Project\AssemblyMazeSolver-master\program.asm
                  letterC   0x000323    program     static C:\Users\lrakl\Documents\AUB\EECE 321L\Maze Solver Project\AssemblyMazeSolver-master\program.asm
                  letterZ   0x000328    program     static C:\Users\lrakl\Documents\AUB\EECE 321L\Maze Solver Project\AssemblyMazeSolver-master\program.asm
                  letterX   0x00032d    program     static C:\Users\lrakl\Documents\AUB\EECE 321L\Maze Solver Project\AssemblyMazeSolver-master\program.asm
                  letterI   0x000332    program     static C:\Users\lrakl\Documents\AUB\EECE 321L\Maze Solver Project\AssemblyMazeSolver-master\program.asm
                 charStar   0x000337    program     static C:\Users\lrakl\Documents\AUB\EECE 321L\Maze Solver Project\AssemblyMazeSolver-master\program.asm
                rectangle   0x00033c    program     static C:\Users\lrakl\Documents\AUB\EECE 321L\Maze Solver Project\AssemblyMazeSolver-master\program.asm
                    empty   0x000341    program     static C:\Users\lrakl\Documents\AUB\EECE 321L\Maze Solver Project\AssemblyMazeSolver-master\program.asm
                       at   0x000346    program     static C:\Users\lrakl\Documents\AUB\EECE 321L\Maze Solver Project\AssemblyMazeSolver-master\program.asm
                    comma   0x00034b    program     static C:\Users\lrakl\Documents\AUB\EECE 321L\Maze Solver Project\AssemblyMazeSolver-master\program.asm
                      nb0   0x000350    program     static C:\Users\lrakl\Documents\AUB\EECE 321L\Maze Solver Project\AssemblyMazeSolver-master\program.asm
                      nb1   0x000355    program     static C:\Users\lrakl\Documents\AUB\EECE 321L\Maze Solver Project\AssemblyMazeSolver-master\program.asm
                      nb2   0x00035a    program     static C:\Users\lrakl\Documents\AUB\EECE 321L\Maze Solver Project\AssemblyMazeSolver-master\program.asm
                      nb3   0x00035f    program     static C:\Users\lrakl\Documents\AUB\EECE 321L\Maze Solver Project\AssemblyMazeSolver-master\program.asm
                      nb4   0x000364    program     static C:\Users\lrakl\Documents\AUB\EECE 321L\Maze Solver Project\AssemblyMazeSolver-master\program.asm
                      nb5   0x000369    program     static C:\Users\lrakl\Documents\AUB\EECE 321L\Maze Solver Project\AssemblyMazeSolver-master\program.asm
                  NEWLINE   0x00036e    program     static C:\Users\lrakl\Documents\AUB\EECE 321L\Maze Solver Project\AssemblyMazeSolver-master\program.asm
                PRINTPATH   0x000373    program     static C:\Users\lrakl\Documents\AUB\EECE 321L\Maze Solver Project\AssemblyMazeSolver-master\program.asm
      SET_EMPTY_REGISTERS   0x00037c    program     static C:\Users\lrakl\Documents\AUB\EECE 321L\Maze Solver Project\AssemblyMazeSolver-master\program.asm
                       ET   0x00038f    program     static C:\Users\lrakl\Documents\AUB\EECE 321L\Maze Solver Project\AssemblyMazeSolver-master\program.asm
                LONGDELAY   0x000395    program     static C:\Users\lrakl\Documents\AUB\EECE 321L\Maze Solver Project\AssemblyMazeSolver-master\program.asm
                 LOOPLONG   0x000397    program     static C:\Users\lrakl\Documents\AUB\EECE 321L\Maze Solver Project\AssemblyMazeSolver-master\program.asm
             LONGER_DELAY   0x00039b    program     static C:\Users\lrakl\Documents\AUB\EECE 321L\Maze Solver Project\AssemblyMazeSolver-master\program.asm
                LOOPLONG2   0x00039d    program     static C:\Users\lrakl\Documents\AUB\EECE 321L\Maze Solver Project\AssemblyMazeSolver-master\program.asm
             POWERUPDELAY   0x0003a1    program     static C:\Users\lrakl\Documents\AUB\EECE 321L\Maze Solver Project\AssemblyMazeSolver-master\program.asm
                     LOOP   0x0003a5    program     static C:\Users\lrakl\Documents\AUB\EECE 321L\Maze Solver Project\AssemblyMazeSolver-master\program.asm
               PRINTDELAY   0x0003aa    program     static C:\Users\lrakl\Documents\AUB\EECE 321L\Maze Solver Project\AssemblyMazeSolver-master\program.asm
                    LOOP1   0x0003ae    program     static C:\Users\lrakl\Documents\AUB\EECE 321L\Maze Solver Project\AssemblyMazeSolver-master\program.asm
                BUZZ_LONG   0x0003b3    program     static C:\Users\lrakl\Documents\AUB\EECE 321L\Maze Solver Project\AssemblyMazeSolver-master\program.asm
               BUZZ_SHORT   0x0003b7    program     static C:\Users\lrakl\Documents\AUB\EECE 321L\Maze Solver Project\AssemblyMazeSolver-master\program.asm
               SBUZZDELAY   0x0003ba    program     static C:\Users\lrakl\Documents\AUB\EECE 321L\Maze Solver Project\AssemblyMazeSolver-master\program.asm
           DEBOUNCE_DELAY   0x0003bf    program     static C:\Users\lrakl\Documents\AUB\EECE 321L\Maze Solver Project\AssemblyMazeSolver-master\program.asm
             DEBOUNCELOOP   0x0003c1    program     static C:\Users\lrakl\Documents\AUB\EECE 321L\Maze Solver Project\AssemblyMazeSolver-master\program.asm
             CLEARDISPLAY   0x0003c5    program     static C:\Users\lrakl\Documents\AUB\EECE 321L\Maze Solver Project\AssemblyMazeSolver-master\program.asm
             SET_BLINKING   0x0003ca    program     static C:\Users\lrakl\Documents\AUB\EECE 321L\Maze Solver Project\AssemblyMazeSolver-master\program.asm
           CLEAR_BLINKING   0x0003cf    program     static C:\Users\lrakl\Documents\AUB\EECE 321L\Maze Solver Project\AssemblyMazeSolver-master\program.asm
          CURSOR_MOVELEFT   0x0003d4    program     static C:\Users\lrakl\Documents\AUB\EECE 321L\Maze Solver Project\AssemblyMazeSolver-master\program.asm
         CURSOR_MOVERIGHT   0x0003d9    program     static C:\Users\lrakl\Documents\AUB\EECE 321L\Maze Solver Project\AssemblyMazeSolver-master\program.asm
          CLEAR_REGISTERS   0x0003de    program     static C:\Users\lrakl\Documents\AUB\EECE 321L\Maze Solver Project\AssemblyMazeSolver-master\program.asm
                    NEXT2   0x0003e0    program     static C:\Users\lrakl\Documents\AUB\EECE 321L\Maze Solver Project\AssemblyMazeSolver-master\program.asm
                     INDA   0x0003e7    program     static C:\Users\lrakl\Documents\AUB\EECE 321L\Maze Solver Project\AssemblyMazeSolver-master\program.asm
                    INDA1   0x0003ec    program     static C:\Users\lrakl\Documents\AUB\EECE 321L\Maze Solver Project\AssemblyMazeSolver-master\program.asm
                   LOOP1M   0x0003f0    program     static C:\Users\lrakl\Documents\AUB\EECE 321L\Maze Solver Project\AssemblyMazeSolver-master\program.asm


